../Drivers/STM32WBAxx_HAL_Driver/Inc/stm32wbaxx_ll_system.h:1253:26:LL_FLASH_GetUDN	4	static
../Drivers/STM32WBAxx_HAL_Driver/Inc/stm32wbaxx_ll_system.h:1263:26:LL_FLASH_GetDeviceID	4	static
../Drivers/STM32WBAxx_HAL_Driver/Inc/stm32wbaxx_ll_system.h:1273:26:LL_FLASH_GetSTCompanyID	4	static
../Drivers/STM32WBAxx_HAL_Driver/Inc/stm32wbaxx_ll_utils.h:209:26:LL_GetUID_Word0	4	static
../Drivers/STM32WBAxx_HAL_Driver/Inc/stm32wbaxx_ll_utils.h:218:26:LL_GetUID_Word1	4	static
../Drivers/STM32WBAxx_HAL_Driver/Inc/stm32wbaxx_ll_utils.h:227:26:LL_GetUID_Word2	4	static
../STM32_WPAN/App/app_ble.c:213:13:ble_queue_push	24	static
../STM32_WPAN/App/app_ble.c:225:5:ble_queue_pop	16	static
../STM32_WPAN/App/app_ble.c:266:6:APP_BLE_Init	8	static
../STM32_WPAN/App/app_ble.c:308:6:APP_BLE_Deinit	16	static
../STM32_WPAN/App/app_ble.c:343:28:SVCCTL_App_Notification	208	static
../STM32_WPAN/App/app_ble.c:839:22:APP_BLE_Get_Client_Connection_Status	24	static
../STM32_WPAN/App/app_ble.c:855:6:Ble_UserEvtRx	16	static
../STM32_WPAN/App/app_ble.c:883:6:APP_BLE_Procedure_Gap_General	32	static
../STM32_WPAN/App/app_ble.c:966:6:APP_BLE_Procedure_Gap_Central	64	static
../STM32_WPAN/App/app_ble.c:1057:16:BleGetBdAddress	16	static
../STM32_WPAN/App/app_ble.c:1066:12:SetGapAppearance	32	static
../STM32_WPAN/App/app_ble.c:1080:12:SetGapDeviceName	32	static
../STM32_WPAN/App/app_ble.c:1094:6:BleStack_Process_BG	8	static
../STM32_WPAN/App/app_ble.c:1111:16:HOST_BLE_Init	16	static
../STM32_WPAN/App/app_ble.c:1150:13:Ble_Hci_Gap_Gatt_Init	72	static
../STM32_WPAN/App/app_ble.c:1360:23:BleGenerateBdAddress	48	static
../STM32_WPAN/App/app_ble.c:1435:23:BleGenerateIRValue	80	static
../STM32_WPAN/App/app_ble.c:1496:23:BleGenerateERValue	80	static
../STM32_WPAN/App/app_ble.c:1558:13:gap_cmd_resp_release	8	static
../STM32_WPAN/App/app_ble.c:1564:13:gap_cmd_resp_wait	8	static
../STM32_WPAN/App/app_ble.c:1575:13:BLE_ResumeFlowProcessCallback	16	static
../STM32_WPAN/App/app_ble.c:1606:12:BLECB_Indication	32	static
