../STM32_WPAN/App/gatt_client_app.c:199:6:GATT_CLIENT_APP_Init	16	static
../STM32_WPAN/App/gatt_client_app.c:246:6:GATT_CLIENT_APP_Notification	24	static
../STM32_WPAN/App/gatt_client_app.c:326:9:GATT_CLIENT_APP_Set_Conn_Handle	24	static
../STM32_WPAN/App/gatt_client_app.c:344:5:GATT_CLIENT_APP_Get_Index	24	static
../STM32_WPAN/App/gatt_client_app.c:364:9:GATT_CLIENT_APP_Get_State	16	static
../STM32_WPAN/App/gatt_client_app.c:369:6:GATT_CLIENT_APP_DiscoverServices	24	static
../STM32_WPAN/App/gatt_client_app.c:403:6:GATT_CLIENT_APP_DiscoverServicesWithIndex	16	static
../STM32_WPAN/App/gatt_client_app.c:423:17:gatt_procedure	32	static
../STM32_WPAN/App/gatt_client_app.c:688:30:Event_Handler	80	static
../STM32_WPAN/App/gatt_client_app.c:824:20:gatt_Notification	16	static
../STM32_WPAN/App/gatt_client_app.c:856:13:gatt_parse_services	32	static
../STM32_WPAN/App/gatt_client_app.c:941:13:gatt_parse_services_by_UUID	24	static
../STM32_WPAN/App/gatt_client_app.c:967:13:gatt_parse_included_serv	40	static
../STM32_WPAN/App/gatt_client_app.c:1044:13:gatt_parse_chars	32	static
../STM32_WPAN/App/gatt_client_app.c:1142:13:gatt_parse_descs	32	static
../STM32_WPAN/App/gatt_client_app.c:1264:12:gatt_parse_notification	24	static
../STM32_WPAN/App/gatt_client_app.c:1278:12:gatt_parse_indication	24	static
../STM32_WPAN/App/gatt_client_app.c:1293:13:client_discover_task	16	static
../STM32_WPAN/App/gatt_client_app.c:1323:13:gatt_cmd_resp_release	8	static
../STM32_WPAN/App/gatt_client_app.c:1329:16:gatt_cmd_resp_wait	8	static
../STM32_WPAN/App/gatt_client_app.c:1335:16:ReadLongCharacteristic	24	static
../STM32_WPAN/App/gatt_client_app.c:1364:12:GATT_CLIENT_APP_ReadCharacteristic	32	static
../STM32_WPAN/App/gatt_client_app.c:1421:12:GATT_CLIENT_APP_WriteCharacteristic	32	static
