../Drivers/STM32WBAxx_HAL_Driver/Src/stm32wbaxx_hal_rng.c:154:19:HAL_RNG_Init	24	static
../Drivers/STM32WBAxx_HAL_Driver/Src/stm32wbaxx_hal_rng.c:280:19:HAL_RNG_DeInit	24	static
../Drivers/STM32WBAxx_HAL_Driver/Src/stm32wbaxx_hal_rng.c:354:13:HAL_RNG_MspInit	16	static
../Drivers/STM32WBAxx_HAL_Driver/Src/stm32wbaxx_hal_rng.c:369:13:HAL_RNG_MspDeInit	16	static
../Drivers/STM32WBAxx_HAL_Driver/Src/stm32wbaxx_hal_rng.c:636:19:HAL_RNG_GenerateRandomNumber	24	static
../Drivers/STM32WBAxx_HAL_Driver/Src/stm32wbaxx_hal_rng.c:726:19:HAL_RNG_GenerateRandomNumber_IT	24	static
../Drivers/STM32WBAxx_HAL_Driver/Src/stm32wbaxx_hal_rng.c:775:6:HAL_RNG_IRQHandler	24	static
../Drivers/STM32WBAxx_HAL_Driver/Src/stm32wbaxx_hal_rng.c:866:10:HAL_RNG_ReadLastRandomNumber	16	static
../Drivers/STM32WBAxx_HAL_Driver/Src/stm32wbaxx_hal_rng.c:883:13:HAL_RNG_ReadyDataCallback	16	static
../Drivers/STM32WBAxx_HAL_Driver/Src/stm32wbaxx_hal_rng.c:899:13:HAL_RNG_ErrorCallback	16	static
../Drivers/STM32WBAxx_HAL_Driver/Src/stm32wbaxx_hal_rng.c:933:22:HAL_RNG_GetState	16	static
../Drivers/STM32WBAxx_HAL_Driver/Src/stm32wbaxx_hal_rng.c:943:10:HAL_RNG_GetError	16	static
../Drivers/STM32WBAxx_HAL_Driver/Src/stm32wbaxx_hal_rng.c:965:19:RNG_RecoverSeedError	24	static
