../Middlewares/ST/STM32_WPAN/ble/stack/include/auto/ble_wrap.c:3034:12:hci_disconnect	24	static,ignoring_inline_asm
../Middlewares/ST/STM32_WPAN/ble/stack/include/auto/ble_wrap.c:3045:12:hci_read_remote_version_information	24	static,ignoring_inline_asm
../Middlewares/ST/STM32_WPAN/ble/stack/include/auto/ble_wrap.c:3054:12:hci_set_event_mask	24	static,ignoring_inline_asm
../Middlewares/ST/STM32_WPAN/ble/stack/include/auto/ble_wrap.c:3063:12:hci_reset	16	static,ignoring_inline_asm
../Middlewares/ST/STM32_WPAN/ble/stack/include/auto/ble_wrap.c:3072:12:hci_read_connection_accept_timeout	24	static,ignoring_inline_asm
../Middlewares/ST/STM32_WPAN/ble/stack/include/auto/ble_wrap.c:3081:12:hci_write_connection_accept_timeout	24	static,ignoring_inline_asm
../Middlewares/ST/STM32_WPAN/ble/stack/include/auto/ble_wrap.c:3090:12:hci_read_transmit_power_level	24	static,ignoring_inline_asm
../Middlewares/ST/STM32_WPAN/ble/stack/include/auto/ble_wrap.c:3103:12:hci_set_controller_to_host_flow_control	24	static,ignoring_inline_asm
../Middlewares/ST/STM32_WPAN/ble/stack/include/auto/ble_wrap.c:3112:12:hci_host_buffer_size	32	static,ignoring_inline_asm
../Middlewares/ST/STM32_WPAN/ble/stack/include/auto/ble_wrap.c:3127:12:hci_host_number_of_completed_packets	24	static,ignoring_inline_asm
../Middlewares/ST/STM32_WPAN/ble/stack/include/auto/ble_wrap.c:3138:12:hci_read_afh_channel_assessment_mode	24	static,ignoring_inline_asm
../Middlewares/ST/STM32_WPAN/ble/stack/include/auto/ble_wrap.c:3147:12:hci_write_afh_channel_assessment_mode	24	static,ignoring_inline_asm
../Middlewares/ST/STM32_WPAN/ble/stack/include/auto/ble_wrap.c:3156:12:hci_set_event_mask_page_2	24	static,ignoring_inline_asm
../Middlewares/ST/STM32_WPAN/ble/stack/include/auto/ble_wrap.c:3165:12:hci_read_authenticated_payload_timeout	24	static,ignoring_inline_asm
../Middlewares/ST/STM32_WPAN/ble/stack/include/auto/ble_wrap.c:3176:12:hci_write_authenticated_payload_timeout	24	static,ignoring_inline_asm
../Middlewares/ST/STM32_WPAN/ble/stack/include/auto/ble_wrap.c:3187:12:hci_set_ecosystem_base_interval	24	static,ignoring_inline_asm
../Middlewares/ST/STM32_WPAN/ble/stack/include/auto/ble_wrap.c:3196:12:hci_configure_data_path	24	static,ignoring_inline_asm
../Middlewares/ST/STM32_WPAN/ble/stack/include/auto/ble_wrap.c:3211:12:hci_read_local_version_information	40	static,ignoring_inline_asm
../Middlewares/ST/STM32_WPAN/ble/stack/include/auto/ble_wrap.c:3228:12:hci_read_local_supported_commands	24	static,ignoring_inline_asm
../Middlewares/ST/STM32_WPAN/ble/stack/include/auto/ble_wrap.c:3237:12:hci_read_local_supported_features	24	static,ignoring_inline_asm
../Middlewares/ST/STM32_WPAN/ble/stack/include/auto/ble_wrap.c:3246:12:hci_read_bd_addr	24	static,ignoring_inline_asm
../Middlewares/ST/STM32_WPAN/ble/stack/include/auto/ble_wrap.c:3255:12:hci_read_local_supported_codecs_v2	32	static,ignoring_inline_asm
../Middlewares/ST/STM32_WPAN/ble/stack/include/auto/ble_wrap.c:3270:12:hci_read_local_supported_codec_capabilities	40	static,ignoring_inline_asm
../Middlewares/ST/STM32_WPAN/ble/stack/include/auto/ble_wrap.c:3287:12:hci_read_local_supported_controller_delay	40	static,ignoring_inline_asm
../Middlewares/ST/STM32_WPAN/ble/stack/include/auto/ble_wrap.c:3308:12:hci_read_rssi	24	static,ignoring_inline_asm
../Middlewares/ST/STM32_WPAN/ble/stack/include/auto/ble_wrap.c:3319:12:hci_le_set_event_mask	24	static,ignoring_inline_asm
../Middlewares/ST/STM32_WPAN/ble/stack/include/auto/ble_wrap.c:3328:12:hci_le_read_buffer_size	24	static,ignoring_inline_asm
../Middlewares/ST/STM32_WPAN/ble/stack/include/auto/ble_wrap.c:3339:12:hci_le_read_local_supported_features_page_0	24	static,ignoring_inline_asm
../Middlewares/ST/STM32_WPAN/ble/stack/include/auto/ble_wrap.c:3348:12:hci_le_set_random_address	24	static,ignoring_inline_asm
../Middlewares/ST/STM32_WPAN/ble/stack/include/auto/ble_wrap.c:3357:12:hci_le_set_advertising_parameters	48	static,ignoring_inline_asm
../Middlewares/ST/STM32_WPAN/ble/stack/include/auto/ble_wrap.c:3380:12:hci_le_read_advertising_physical_channel_tx_power	24	static,ignoring_inline_asm
../Middlewares/ST/STM32_WPAN/ble/stack/include/auto/ble_wrap.c:3389:12:hci_le_set_advertising_data	24	static,ignoring_inline_asm
../Middlewares/ST/STM32_WPAN/ble/stack/include/auto/ble_wrap.c:3400:12:hci_le_set_scan_response_data	24	static,ignoring_inline_asm
../Middlewares/ST/STM32_WPAN/ble/stack/include/auto/ble_wrap.c:3411:12:hci_le_set_advertising_enable	24	static,ignoring_inline_asm
../Middlewares/ST/STM32_WPAN/ble/stack/include/auto/ble_wrap.c:3420:12:hci_le_set_scan_parameters	40	static,ignoring_inline_asm
../Middlewares/ST/STM32_WPAN/ble/stack/include/auto/ble_wrap.c:3437:12:hci_le_set_scan_enable	24	static,ignoring_inline_asm
../Middlewares/ST/STM32_WPAN/ble/stack/include/auto/ble_wrap.c:3448:12:hci_le_create_connection	64	static,ignoring_inline_asm
../Middlewares/ST/STM32_WPAN/ble/stack/include/auto/ble_wrap.c:3479:12:hci_le_create_connection_cancel	16	static,ignoring_inline_asm
../Middlewares/ST/STM32_WPAN/ble/stack/include/auto/ble_wrap.c:3488:12:hci_le_read_filter_accept_list_size	24	static,ignoring_inline_asm
../Middlewares/ST/STM32_WPAN/ble/stack/include/auto/ble_wrap.c:3497:12:hci_le_clear_filter_accept_list	16	static,ignoring_inline_asm
../Middlewares/ST/STM32_WPAN/ble/stack/include/auto/ble_wrap.c:3506:12:hci_le_add_device_to_filter_accept_list	24	static,ignoring_inline_asm
../Middlewares/ST/STM32_WPAN/ble/stack/include/auto/ble_wrap.c:3517:12:hci_le_remove_device_from_filter_accept_list	24	static,ignoring_inline_asm
../Middlewares/ST/STM32_WPAN/ble/stack/include/auto/ble_wrap.c:3528:12:hci_le_connection_update	48	static,ignoring_inline_asm
../Middlewares/ST/STM32_WPAN/ble/stack/include/auto/ble_wrap.c:3549:12:hci_le_set_host_channel_classification	24	static,ignoring_inline_asm
../Middlewares/ST/STM32_WPAN/ble/stack/include/auto/ble_wrap.c:3558:12:hci_le_read_channel_map	24	static,ignoring_inline_asm
../Middlewares/ST/STM32_WPAN/ble/stack/include/auto/ble_wrap.c:3569:12:hci_le_read_remote_features_page_0	24	static,ignoring_inline_asm
../Middlewares/ST/STM32_WPAN/ble/stack/include/auto/ble_wrap.c:3578:12:hci_le_encrypt	32	static,ignoring_inline_asm
../Middlewares/ST/STM32_WPAN/ble/stack/include/auto/ble_wrap.c:3591:12:hci_le_rand	24	static,ignoring_inline_asm
../Middlewares/ST/STM32_WPAN/ble/stack/include/auto/ble_wrap.c:3600:12:hci_le_enable_encryption	32	static,ignoring_inline_asm
../Middlewares/ST/STM32_WPAN/ble/stack/include/auto/ble_wrap.c:3615:12:hci_le_long_term_key_request_reply	24	static,ignoring_inline_asm
../Middlewares/ST/STM32_WPAN/ble/stack/include/auto/ble_wrap.c:3626:12:hci_le_long_term_key_request_negative_reply	24	static,ignoring_inline_asm
../Middlewares/ST/STM32_WPAN/ble/stack/include/auto/ble_wrap.c:3635:12:hci_le_read_supported_states	24	static,ignoring_inline_asm
../Middlewares/ST/STM32_WPAN/ble/stack/include/auto/ble_wrap.c:3644:12:hci_le_receiver_test	24	static,ignoring_inline_asm
../Middlewares/ST/STM32_WPAN/ble/stack/include/auto/ble_wrap.c:3653:12:hci_le_transmitter_test	24	static,ignoring_inline_asm
../Middlewares/ST/STM32_WPAN/ble/stack/include/auto/ble_wrap.c:3666:12:hci_le_test_end	24	static,ignoring_inline_asm
../Middlewares/ST/STM32_WPAN/ble/stack/include/auto/ble_wrap.c:3675:12:hci_le_remote_connection_parameter_request_reply	48	static,ignoring_inline_asm
../Middlewares/ST/STM32_WPAN/ble/stack/include/auto/ble_wrap.c:3696:12:hci_le_remote_connection_parameter_request_negative_reply	24	static,ignoring_inline_asm
../Middlewares/ST/STM32_WPAN/ble/stack/include/auto/ble_wrap.c:3707:12:hci_le_set_data_length	24	static,ignoring_inline_asm
../Middlewares/ST/STM32_WPAN/ble/stack/include/auto/ble_wrap.c:3720:12:hci_le_read_suggested_default_data_length	24	static,ignoring_inline_asm
../Middlewares/ST/STM32_WPAN/ble/stack/include/auto/ble_wrap.c:3731:12:hci_le_write_suggested_default_data_length	24	static,ignoring_inline_asm
../Middlewares/ST/STM32_WPAN/ble/stack/include/auto/ble_wrap.c:3742:12:hci_le_read_local_p256_public_key	16	static,ignoring_inline_asm
../Middlewares/ST/STM32_WPAN/ble/stack/include/auto/ble_wrap.c:3751:12:hci_le_generate_dhkey	24	static,ignoring_inline_asm
../Middlewares/ST/STM32_WPAN/ble/stack/include/auto/ble_wrap.c:3760:12:hci_le_add_device_to_resolving_list	32	static,ignoring_inline_asm
../Middlewares/ST/STM32_WPAN/ble/stack/include/auto/ble_wrap.c:3775:12:hci_le_remove_device_from_resolving_list	24	static,ignoring_inline_asm
../Middlewares/ST/STM32_WPAN/ble/stack/include/auto/ble_wrap.c:3786:12:hci_le_clear_resolving_list	16	static,ignoring_inline_asm
../Middlewares/ST/STM32_WPAN/ble/stack/include/auto/ble_wrap.c:3795:12:hci_le_read_resolving_list_size	24	static,ignoring_inline_asm
../Middlewares/ST/STM32_WPAN/ble/stack/include/auto/ble_wrap.c:3804:12:hci_le_read_peer_resolvable_address	32	static,ignoring_inline_asm
../Middlewares/ST/STM32_WPAN/ble/stack/include/auto/ble_wrap.c:3817:12:hci_le_read_local_resolvable_address	32	static,ignoring_inline_asm
../Middlewares/ST/STM32_WPAN/ble/stack/include/auto/ble_wrap.c:3830:12:hci_le_set_address_resolution_enable	24	static,ignoring_inline_asm
../Middlewares/ST/STM32_WPAN/ble/stack/include/auto/ble_wrap.c:3839:12:hci_le_set_resolvable_private_address_timeout	24	static,ignoring_inline_asm
../Middlewares/ST/STM32_WPAN/ble/stack/include/auto/ble_wrap.c:3848:12:hci_le_read_maximum_data_length	32	static,ignoring_inline_asm
../Middlewares/ST/STM32_WPAN/ble/stack/include/auto/ble_wrap.c:3863:12:hci_le_read_phy	32	static,ignoring_inline_asm
../Middlewares/ST/STM32_WPAN/ble/stack/include/auto/ble_wrap.c:3876:12:hci_le_set_default_phy	24	static,ignoring_inline_asm
../Middlewares/ST/STM32_WPAN/ble/stack/include/auto/ble_wrap.c:3889:12:hci_le_set_phy	40	static,ignoring_inline_asm
../Middlewares/ST/STM32_WPAN/ble/stack/include/auto/ble_wrap.c:3906:12:hci_le_receiver_test_v2	24	static,ignoring_inline_asm
../Middlewares/ST/STM32_WPAN/ble/stack/include/auto/ble_wrap.c:3919:12:hci_le_transmitter_test_v2	32	static,ignoring_inline_asm
../Middlewares/ST/STM32_WPAN/ble/stack/include/auto/ble_wrap.c:3934:12:hci_le_set_advertising_set_random_address	24	static,ignoring_inline_asm
../Middlewares/ST/STM32_WPAN/ble/stack/include/auto/ble_wrap.c:3945:12:hci_le_set_extended_advertising_parameters	80	static,ignoring_inline_asm
../Middlewares/ST/STM32_WPAN/ble/stack/include/auto/ble_wrap.c:3984:12:hci_le_set_extended_advertising_data	40	static,ignoring_inline_asm
../Middlewares/ST/STM32_WPAN/ble/stack/include/auto/ble_wrap.c:4001:12:hci_le_set_extended_scan_response_data	40	static,ignoring_inline_asm
../Middlewares/ST/STM32_WPAN/ble/stack/include/auto/ble_wrap.c:4018:12:hci_le_set_extended_advertising_enable	24	static,ignoring_inline_asm
../Middlewares/ST/STM32_WPAN/ble/stack/include/auto/ble_wrap.c:4031:12:hci_le_read_maximum_advertising_data_length	24	static,ignoring_inline_asm
../Middlewares/ST/STM32_WPAN/ble/stack/include/auto/ble_wrap.c:4040:12:hci_le_read_number_of_supported_advertising_sets	24	static,ignoring_inline_asm
../Middlewares/ST/STM32_WPAN/ble/stack/include/auto/ble_wrap.c:4049:12:hci_le_remove_advertising_set	24	static,ignoring_inline_asm
../Middlewares/ST/STM32_WPAN/ble/stack/include/auto/ble_wrap.c:4058:12:hci_le_clear_advertising_sets	16	static,ignoring_inline_asm
../Middlewares/ST/STM32_WPAN/ble/stack/include/auto/ble_wrap.c:4067:12:hci_le_set_periodic_advertising_parameters	32	static,ignoring_inline_asm
../Middlewares/ST/STM32_WPAN/ble/stack/include/auto/ble_wrap.c:4082:12:hci_le_set_periodic_advertising_data	24	static,ignoring_inline_asm
../Middlewares/ST/STM32_WPAN/ble/stack/include/auto/ble_wrap.c:4097:12:hci_le_set_periodic_advertising_enable	24	static,ignoring_inline_asm
../Middlewares/ST/STM32_WPAN/ble/stack/include/auto/ble_wrap.c:4108:12:hci_le_set_extended_scan_parameters	24	static,ignoring_inline_asm
../Middlewares/ST/STM32_WPAN/ble/stack/include/auto/ble_wrap.c:4123:12:hci_le_set_extended_scan_enable	32	static,ignoring_inline_asm
../Middlewares/ST/STM32_WPAN/ble/stack/include/auto/ble_wrap.c:4138:12:hci_le_extended_create_connection	32	static,ignoring_inline_asm
../Middlewares/ST/STM32_WPAN/ble/stack/include/auto/ble_wrap.c:4157:12:hci_le_periodic_advertising_create_sync	40	static,ignoring_inline_asm
../Middlewares/ST/STM32_WPAN/ble/stack/include/auto/ble_wrap.c:4178:12:hci_le_periodic_advertising_create_sync_cancel	16	static,ignoring_inline_asm
../Middlewares/ST/STM32_WPAN/ble/stack/include/auto/ble_wrap.c:4187:12:hci_le_periodic_advertising_terminate_sync	24	static,ignoring_inline_asm
../Middlewares/ST/STM32_WPAN/ble/stack/include/auto/ble_wrap.c:4196:12:hci_le_add_device_to_periodic_advertiser_list	24	static,ignoring_inline_asm
../Middlewares/ST/STM32_WPAN/ble/stack/include/auto/ble_wrap.c:4209:12:hci_le_remove_device_from_periodic_advertiser_list	24	static,ignoring_inline_asm
../Middlewares/ST/STM32_WPAN/ble/stack/include/auto/ble_wrap.c:4222:12:hci_le_clear_periodic_advertiser_list	16	static,ignoring_inline_asm
../Middlewares/ST/STM32_WPAN/ble/stack/include/auto/ble_wrap.c:4231:12:hci_le_read_periodic_advertiser_list_size	24	static,ignoring_inline_asm
../Middlewares/ST/STM32_WPAN/ble/stack/include/auto/ble_wrap.c:4240:12:hci_le_read_transmit_power	24	static,ignoring_inline_asm
../Middlewares/ST/STM32_WPAN/ble/stack/include/auto/ble_wrap.c:4251:12:hci_le_read_rf_path_compensation	24	static,ignoring_inline_asm
../Middlewares/ST/STM32_WPAN/ble/stack/include/auto/ble_wrap.c:4262:12:hci_le_write_rf_path_compensation	24	static,ignoring_inline_asm
../Middlewares/ST/STM32_WPAN/ble/stack/include/auto/ble_wrap.c:4273:12:hci_le_set_privacy_mode	24	static,ignoring_inline_asm
../Middlewares/ST/STM32_WPAN/ble/stack/include/auto/ble_wrap.c:4286:12:hci_le_receiver_test_v3	48	static,ignoring_inline_asm
../Middlewares/ST/STM32_WPAN/ble/stack/include/auto/ble_wrap.c:4309:12:hci_le_transmitter_test_v3	48	static,ignoring_inline_asm
../Middlewares/ST/STM32_WPAN/ble/stack/include/auto/ble_wrap.c:4332:12:hci_le_set_connectionless_cte_transmit_parameters	40	static,ignoring_inline_asm
../Middlewares/ST/STM32_WPAN/ble/stack/include/auto/ble_wrap.c:4351:12:hci_le_set_connectionless_cte_transmit_enable	24	static,ignoring_inline_asm
../Middlewares/ST/STM32_WPAN/ble/stack/include/auto/ble_wrap.c:4362:12:hci_le_set_connectionless_iq_sampling_enable	40	static,ignoring_inline_asm
../Middlewares/ST/STM32_WPAN/ble/stack/include/auto/ble_wrap.c:4381:12:hci_le_set_connection_cte_receive_parameters	40	static,ignoring_inline_asm
../Middlewares/ST/STM32_WPAN/ble/stack/include/auto/ble_wrap.c:4398:12:hci_le_set_connection_cte_transmit_parameters	24	static,ignoring_inline_asm
../Middlewares/ST/STM32_WPAN/ble/stack/include/auto/ble_wrap.c:4413:12:hci_le_connection_cte_request_enable	40	static,ignoring_inline_asm
../Middlewares/ST/STM32_WPAN/ble/stack/include/auto/ble_wrap.c:4430:12:hci_le_connection_cte_response_enable	24	static,ignoring_inline_asm
../Middlewares/ST/STM32_WPAN/ble/stack/include/auto/ble_wrap.c:4441:12:hci_le_read_antenna_information	32	static,ignoring_inline_asm
../Middlewares/ST/STM32_WPAN/ble/stack/include/auto/ble_wrap.c:4456:12:hci_le_set_periodic_advertising_receive_enable	24	static,ignoring_inline_asm
../Middlewares/ST/STM32_WPAN/ble/stack/include/auto/ble_wrap.c:4467:12:hci_le_periodic_advertising_sync_transfer	24	static,ignoring_inline_asm
../Middlewares/ST/STM32_WPAN/ble/stack/include/auto/ble_wrap.c:4480:12:hci_le_periodic_advertising_set_info_transfer	24	static,ignoring_inline_asm
../Middlewares/ST/STM32_WPAN/ble/stack/include/auto/ble_wrap.c:4493:12:hci_le_set_periodic_advertising_sync_transfer_parameters	40	static,ignoring_inline_asm
../Middlewares/ST/STM32_WPAN/ble/stack/include/auto/ble_wrap.c:4510:12:hci_le_set_default_periodic_advertising_sync_transfer_parameters	32	static,ignoring_inline_asm
../Middlewares/ST/STM32_WPAN/ble/stack/include/auto/ble_wrap.c:4525:12:hci_le_generate_dhkey_v2	24	static,ignoring_inline_asm
../Middlewares/ST/STM32_WPAN/ble/stack/include/auto/ble_wrap.c:4536:12:hci_le_read_buffer_size_v2	32	static,ignoring_inline_asm
../Middlewares/ST/STM32_WPAN/ble/stack/include/auto/ble_wrap.c:4551:12:hci_le_read_iso_tx_sync	32	static,ignoring_inline_asm
../Middlewares/ST/STM32_WPAN/ble/stack/include/auto/ble_wrap.c:4566:12:hci_le_set_cig_parameters	64	static,ignoring_inline_asm
../Middlewares/ST/STM32_WPAN/ble/stack/include/auto/ble_wrap.c:4597:12:hci_le_set_cig_parameters_test	72	static,ignoring_inline_asm
../Middlewares/ST/STM32_WPAN/ble/stack/include/auto/ble_wrap.c:4630:12:hci_le_create_cis	24	static,ignoring_inline_asm
../Middlewares/ST/STM32_WPAN/ble/stack/include/auto/ble_wrap.c:4641:12:hci_le_remove_cig	24	static,ignoring_inline_asm
../Middlewares/ST/STM32_WPAN/ble/stack/include/auto/ble_wrap.c:4650:12:hci_le_accept_cis_request	24	static,ignoring_inline_asm
../Middlewares/ST/STM32_WPAN/ble/stack/include/auto/ble_wrap.c:4659:12:hci_le_reject_cis_request	24	static,ignoring_inline_asm
../Middlewares/ST/STM32_WPAN/ble/stack/include/auto/ble_wrap.c:4670:12:hci_le_create_big	56	static,ignoring_inline_asm
../Middlewares/ST/STM32_WPAN/ble/stack/include/auto/ble_wrap.c:4701:12:hci_le_create_big_test	72	static,ignoring_inline_asm
../Middlewares/ST/STM32_WPAN/ble/stack/include/auto/ble_wrap.c:4740:12:hci_le_terminate_big	24	static,ignoring_inline_asm
../Middlewares/ST/STM32_WPAN/ble/stack/include/auto/ble_wrap.c:4751:12:hci_le_big_create_sync	40	static,ignoring_inline_asm
../Middlewares/ST/STM32_WPAN/ble/stack/include/auto/ble_wrap.c:4774:12:hci_le_big_terminate_sync	24	static,ignoring_inline_asm
../Middlewares/ST/STM32_WPAN/ble/stack/include/auto/ble_wrap.c:4783:12:hci_le_request_peer_sca	24	static,ignoring_inline_asm
../Middlewares/ST/STM32_WPAN/ble/stack/include/auto/ble_wrap.c:4792:12:hci_le_setup_iso_data_path	40	static,ignoring_inline_asm
../Middlewares/ST/STM32_WPAN/ble/stack/include/auto/ble_wrap.c:4813:12:hci_le_remove_iso_data_path	24	static,ignoring_inline_asm
../Middlewares/ST/STM32_WPAN/ble/stack/include/auto/ble_wrap.c:4824:12:hci_le_iso_transmit_test	24	static,ignoring_inline_asm
../Middlewares/ST/STM32_WPAN/ble/stack/include/auto/ble_wrap.c:4835:12:hci_le_iso_receive_test	24	static,ignoring_inline_asm
../Middlewares/ST/STM32_WPAN/ble/stack/include/auto/ble_wrap.c:4846:12:hci_le_iso_read_test_counters	32	static,ignoring_inline_asm
../Middlewares/ST/STM32_WPAN/ble/stack/include/auto/ble_wrap.c:4861:12:hci_le_iso_test_end	32	static,ignoring_inline_asm
../Middlewares/ST/STM32_WPAN/ble/stack/include/auto/ble_wrap.c:4876:12:hci_le_set_host_feature	24	static,ignoring_inline_asm
../Middlewares/ST/STM32_WPAN/ble/stack/include/auto/ble_wrap.c:4887:12:hci_le_read_iso_link_quality	48	static,ignoring_inline_asm
../Middlewares/ST/STM32_WPAN/ble/stack/include/auto/ble_wrap.c:4910:12:hci_le_enhanced_read_transmit_power_level	32	static,ignoring_inline_asm
../Middlewares/ST/STM32_WPAN/ble/stack/include/auto/ble_wrap.c:4925:12:hci_le_read_remote_transmit_power_level	24	static,ignoring_inline_asm
../Middlewares/ST/STM32_WPAN/ble/stack/include/auto/ble_wrap.c:4936:12:hci_le_set_path_loss_reporting_parameters	40	static,ignoring_inline_asm
../Middlewares/ST/STM32_WPAN/ble/stack/include/auto/ble_wrap.c:4955:12:hci_le_set_path_loss_reporting_enable	24	static,ignoring_inline_asm
../Middlewares/ST/STM32_WPAN/ble/stack/include/auto/ble_wrap.c:4966:12:hci_le_set_transmit_power_reporting_enable	24	static,ignoring_inline_asm
../Middlewares/ST/STM32_WPAN/ble/stack/include/auto/ble_wrap.c:4979:12:hci_le_transmitter_test_v4	56	static,ignoring_inline_asm
../Middlewares/ST/STM32_WPAN/ble/stack/include/auto/ble_wrap.c:5004:12:hci_le_set_data_related_address_changes	24	static,ignoring_inline_asm
../Middlewares/ST/STM32_WPAN/ble/stack/include/auto/ble_wrap.c:5015:12:hci_le_set_default_subrate	40	static,ignoring_inline_asm
../Middlewares/ST/STM32_WPAN/ble/stack/include/auto/ble_wrap.c:5032:12:hci_le_subrate_request	40	static,ignoring_inline_asm
../Middlewares/ST/STM32_WPAN/ble/stack/include/auto/ble_wrap.c:5051:12:hci_le_set_extended_advertising_parameters_v2	88	static,ignoring_inline_asm
../Middlewares/ST/STM32_WPAN/ble/stack/include/auto/ble_wrap.c:5094:12:hci_le_set_periodic_advertising_subevent_data	24	static,ignoring_inline_asm
../Middlewares/ST/STM32_WPAN/ble/stack/include/auto/ble_wrap.c:5107:12:hci_le_set_periodic_advertising_response_data	48	static,ignoring_inline_asm
../Middlewares/ST/STM32_WPAN/ble/stack/include/auto/ble_wrap.c:5128:12:hci_le_set_periodic_sync_subevent	32	static,ignoring_inline_asm
../Middlewares/ST/STM32_WPAN/ble/stack/include/auto/ble_wrap.c:5143:12:hci_le_extended_create_connection_v2	48	static,ignoring_inline_asm
../Middlewares/ST/STM32_WPAN/ble/stack/include/auto/ble_wrap.c:5166:12:hci_le_set_periodic_advertising_parameters_v2	56	static,ignoring_inline_asm
../Middlewares/ST/STM32_WPAN/ble/stack/include/auto/ble_wrap.c:5191:12:hci_le_read_all_local_supported_features	24	static,ignoring_inline_asm
../Middlewares/ST/STM32_WPAN/ble/stack/include/auto/ble_wrap.c:5202:12:hci_le_read_all_remote_features	24	static,ignoring_inline_asm
../Middlewares/ST/STM32_WPAN/ble/stack/include/auto/ble_wrap.c:5213:12:hci_le_cs_read_local_supported_capabilities	96	static,ignoring_inline_asm
../Middlewares/ST/STM32_WPAN/ble/stack/include/auto/ble_wrap.c:5260:12:hci_le_cs_read_remote_supported_capabilities	24	static,ignoring_inline_asm
../Middlewares/ST/STM32_WPAN/ble/stack/include/auto/ble_wrap.c:5269:12:hci_le_cs_write_cached_remote_supported_capabilities	104	static,ignoring_inline_asm
../Middlewares/ST/STM32_WPAN/ble/stack/include/auto/ble_wrap.c:5318:12:hci_le_cs_security_enable	24	static,ignoring_inline_asm
../Middlewares/ST/STM32_WPAN/ble/stack/include/auto/ble_wrap.c:5327:12:hci_le_cs_set_default_settings	32	static,ignoring_inline_asm
../Middlewares/ST/STM32_WPAN/ble/stack/include/auto/ble_wrap.c:5342:12:hci_le_cs_read_remote_fae_table	24	static,ignoring_inline_asm
../Middlewares/ST/STM32_WPAN/ble/stack/include/auto/ble_wrap.c:5351:12:hci_le_cs_write_cached_remote_fae_table	24	static,ignoring_inline_asm
../Middlewares/ST/STM32_WPAN/ble/stack/include/auto/ble_wrap.c:5362:12:hci_le_cs_create_config	88	static,ignoring_inline_asm
../Middlewares/ST/STM32_WPAN/ble/stack/include/auto/ble_wrap.c:5405:12:hci_le_cs_remove_config	24	static,ignoring_inline_asm
../Middlewares/ST/STM32_WPAN/ble/stack/include/auto/ble_wrap.c:5416:12:hci_le_cs_set_channel_classification	24	static,ignoring_inline_asm
../Middlewares/ST/STM32_WPAN/ble/stack/include/auto/ble_wrap.c:5425:12:hci_le_cs_set_procedure_parameters	72	static,ignoring_inline_asm
../Middlewares/ST/STM32_WPAN/ble/stack/include/auto/ble_wrap.c:5460:12:hci_le_cs_procedure_enable	24	static,ignoring_inline_asm
../Middlewares/ST/STM32_WPAN/ble/stack/include/auto/ble_wrap.c:5473:12:hci_le_cs_test	120	static,ignoring_inline_asm
../Middlewares/ST/STM32_WPAN/ble/stack/include/auto/ble_wrap.c:5532:12:hci_le_cs_test_end	16	static,ignoring_inline_asm
../Middlewares/ST/STM32_WPAN/ble/stack/include/auto/ble_wrap.c:5541:12:hci_le_add_device_to_monitored_advertisers_list	32	static,ignoring_inline_asm
../Middlewares/ST/STM32_WPAN/ble/stack/include/auto/ble_wrap.c:5558:12:hci_le_remove_device_from_monitored_advertisers_list	24	static,ignoring_inline_asm
../Middlewares/ST/STM32_WPAN/ble/stack/include/auto/ble_wrap.c:5569:12:hci_le_clear_monitored_advertisers_list	16	static,ignoring_inline_asm
../Middlewares/ST/STM32_WPAN/ble/stack/include/auto/ble_wrap.c:5578:12:hci_le_read_monitored_advertisers_list_size	24	static,ignoring_inline_asm
../Middlewares/ST/STM32_WPAN/ble/stack/include/auto/ble_wrap.c:5587:12:hci_le_enable_monitoring_advertisers	24	static,ignoring_inline_asm
../Middlewares/ST/STM32_WPAN/ble/stack/include/auto/ble_wrap.c:5596:12:hci_le_frame_space_update	40	static,ignoring_inline_asm
../Middlewares/ST/STM32_WPAN/ble/stack/include/auto/ble_wrap.c:5613:12:aci_hal_write_config_data	24	static,ignoring_inline_asm
../Middlewares/ST/STM32_WPAN/ble/stack/include/auto/ble_wrap.c:5626:12:aci_hal_read_config_data	32	static,ignoring_inline_asm
../Middlewares/ST/STM32_WPAN/ble/stack/include/auto/ble_wrap.c:5639:12:aci_hal_set_tx_power_level	24	static,ignoring_inline_asm
../Middlewares/ST/STM32_WPAN/ble/stack/include/auto/ble_wrap.c:5650:12:aci_hal_le_tx_test_packet_number	24	static,ignoring_inline_asm
../Middlewares/ST/STM32_WPAN/ble/stack/include/auto/ble_wrap.c:5659:12:aci_hal_tone_start	24	static,ignoring_inline_asm
../Middlewares/ST/STM32_WPAN/ble/stack/include/auto/ble_wrap.c:5670:12:aci_hal_tone_stop	16	static,ignoring_inline_asm
../Middlewares/ST/STM32_WPAN/ble/stack/include/auto/ble_wrap.c:5679:12:aci_hal_set_radio_activity_mask	24	static,ignoring_inline_asm
../Middlewares/ST/STM32_WPAN/ble/stack/include/auto/ble_wrap.c:5688:12:aci_hal_set_event_mask	24	static,ignoring_inline_asm
../Middlewares/ST/STM32_WPAN/ble/stack/include/auto/ble_wrap.c:5697:12:aci_hal_get_link_status_v2	24	static,ignoring_inline_asm
../Middlewares/ST/STM32_WPAN/ble/stack/include/auto/ble_wrap.c:5708:12:aci_hal_set_peripheral_latency	24	static,ignoring_inline_asm
../Middlewares/ST/STM32_WPAN/ble/stack/include/auto/ble_wrap.c:5717:12:aci_hal_set_sync_event_config	32	static,ignoring_inline_asm
../Middlewares/ST/STM32_WPAN/ble/stack/include/auto/ble_wrap.c:5732:12:aci_hal_read_rssi	24	static,ignoring_inline_asm
../Middlewares/ST/STM32_WPAN/ble/stack/include/auto/ble_wrap.c:5741:12:aci_hal_continuous_tx_start	24	static,ignoring_inline_asm
../Middlewares/ST/STM32_WPAN/ble/stack/include/auto/ble_wrap.c:5754:12:aci_hal_ead_encrypt_decrypt	48	static,ignoring_inline_asm
../Middlewares/ST/STM32_WPAN/ble/stack/include/auto/ble_wrap.c:5775:12:aci_hal_pta_enable	24	static,ignoring_inline_asm
../Middlewares/ST/STM32_WPAN/ble/stack/include/auto/ble_wrap.c:5784:12:aci_hal_pta_set_priority	40	static,ignoring_inline_asm
../Middlewares/ST/STM32_WPAN/ble/stack/include/auto/ble_wrap.c:5803:12:aci_gap_set_non_discoverable	16	static,ignoring_inline_asm
../Middlewares/ST/STM32_WPAN/ble/stack/include/auto/ble_wrap.c:5812:12:aci_gap_set_limited_discoverable	64	static,ignoring_inline_asm
../Middlewares/ST/STM32_WPAN/ble/stack/include/auto/ble_wrap.c:5841:12:aci_gap_set_discoverable	64	static,ignoring_inline_asm
../Middlewares/ST/STM32_WPAN/ble/stack/include/auto/ble_wrap.c:5870:12:aci_gap_set_direct_connectable	32	static,ignoring_inline_asm
../Middlewares/ST/STM32_WPAN/ble/stack/include/auto/ble_wrap.c:5889:12:aci_gap_set_io_capability	24	static,ignoring_inline_asm
../Middlewares/ST/STM32_WPAN/ble/stack/include/auto/ble_wrap.c:5898:12:aci_gap_set_authentication_requirement	56	static,ignoring_inline_asm
../Middlewares/ST/STM32_WPAN/ble/stack/include/auto/ble_wrap.c:5923:12:aci_gap_set_authorization_requirement	24	static,ignoring_inline_asm
../Middlewares/ST/STM32_WPAN/ble/stack/include/auto/ble_wrap.c:5934:12:aci_gap_pass_key_resp	24	static,ignoring_inline_asm
../Middlewares/ST/STM32_WPAN/ble/stack/include/auto/ble_wrap.c:5945:12:aci_gap_authorization_resp	24	static,ignoring_inline_asm
../Middlewares/ST/STM32_WPAN/ble/stack/include/auto/ble_wrap.c:5956:12:aci_gap_init	32	static,ignoring_inline_asm
../Middlewares/ST/STM32_WPAN/ble/stack/include/auto/ble_wrap.c:5975:12:aci_gap_set_non_connectable	24	static,ignoring_inline_asm
../Middlewares/ST/STM32_WPAN/ble/stack/include/auto/ble_wrap.c:5986:12:aci_gap_set_undirected_connectable	32	static,ignoring_inline_asm
../Middlewares/ST/STM32_WPAN/ble/stack/include/auto/ble_wrap.c:6001:12:aci_gap_peripheral_security_req	24	static,ignoring_inline_asm
../Middlewares/ST/STM32_WPAN/ble/stack/include/auto/ble_wrap.c:6010:12:aci_gap_update_adv_data	24	static,ignoring_inline_asm
../Middlewares/ST/STM32_WPAN/ble/stack/include/auto/ble_wrap.c:6021:12:aci_gap_delete_ad_type	24	static,ignoring_inline_asm
../Middlewares/ST/STM32_WPAN/ble/stack/include/auto/ble_wrap.c:6030:12:aci_gap_get_security_level	32	static,ignoring_inline_asm
../Middlewares/ST/STM32_WPAN/ble/stack/include/auto/ble_wrap.c:6043:12:aci_gap_set_event_mask	24	static,ignoring_inline_asm
../Middlewares/ST/STM32_WPAN/ble/stack/include/auto/ble_wrap.c:6052:12:aci_gap_terminate	24	static,ignoring_inline_asm
../Middlewares/ST/STM32_WPAN/ble/stack/include/auto/ble_wrap.c:6063:12:aci_gap_clear_security_db	16	static,ignoring_inline_asm
../Middlewares/ST/STM32_WPAN/ble/stack/include/auto/ble_wrap.c:6072:12:aci_gap_allow_rebond	24	static,ignoring_inline_asm
../Middlewares/ST/STM32_WPAN/ble/stack/include/auto/ble_wrap.c:6081:12:aci_gap_start_auto_connection_establish_proc	64	static,ignoring_inline_asm
../Middlewares/ST/STM32_WPAN/ble/stack/include/auto/ble_wrap.c:6110:12:aci_gap_create_connection	64	static,ignoring_inline_asm
../Middlewares/ST/STM32_WPAN/ble/stack/include/auto/ble_wrap.c:6139:12:aci_gap_terminate_gap_proc	24	static,ignoring_inline_asm
../Middlewares/ST/STM32_WPAN/ble/stack/include/auto/ble_wrap.c:6148:12:aci_gap_start_connection_update	48	static,ignoring_inline_asm
../Middlewares/ST/STM32_WPAN/ble/stack/include/auto/ble_wrap.c:6169:12:aci_gap_send_pairing_req	24	static,ignoring_inline_asm
../Middlewares/ST/STM32_WPAN/ble/stack/include/auto/ble_wrap.c:6180:12:aci_gap_set_broadcast_mode	48	static,ignoring_inline_asm
../Middlewares/ST/STM32_WPAN/ble/stack/include/auto/ble_wrap.c:6203:12:aci_gap_get_bonded_devices	24	static,ignoring_inline_asm
../Middlewares/ST/STM32_WPAN/ble/stack/include/auto/ble_wrap.c:6214:12:aci_gap_check_bonded_device	32	static,ignoring_inline_asm
../Middlewares/ST/STM32_WPAN/ble/stack/include/auto/ble_wrap.c:6229:12:aci_gap_numeric_comparison_value_confirm_yesno	24	static,ignoring_inline_asm
../Middlewares/ST/STM32_WPAN/ble/stack/include/auto/ble_wrap.c:6240:12:aci_gap_passkey_input	24	static,ignoring_inline_asm
../Middlewares/ST/STM32_WPAN/ble/stack/include/auto/ble_wrap.c:6251:12:aci_gap_get_oob_data	40	static,ignoring_inline_asm
../Middlewares/ST/STM32_WPAN/ble/stack/include/auto/ble_wrap.c:6268:12:aci_gap_set_oob_data	32	static,ignoring_inline_asm
../Middlewares/ST/STM32_WPAN/ble/stack/include/auto/ble_wrap.c:6287:12:aci_gap_remove_bonded_device	24	static,ignoring_inline_asm
../Middlewares/ST/STM32_WPAN/ble/stack/include/auto/ble_wrap.c:6298:12:aci_gap_add_devices_to_list	24	static,ignoring_inline_asm
../Middlewares/ST/STM32_WPAN/ble/stack/include/auto/ble_wrap.c:6311:12:aci_gap_pairing_request_reply	24	static,ignoring_inline_asm
../Middlewares/ST/STM32_WPAN/ble/stack/include/auto/ble_wrap.c:6322:12:aci_gap_adv_set_configuration	72	static,ignoring_inline_asm
../Middlewares/ST/STM32_WPAN/ble/stack/include/auto/ble_wrap.c:6359:12:aci_gap_adv_set_enable	24	static,ignoring_inline_asm
../Middlewares/ST/STM32_WPAN/ble/stack/include/auto/ble_wrap.c:6372:12:aci_gap_adv_set_adv_data	40	static,ignoring_inline_asm
../Middlewares/ST/STM32_WPAN/ble/stack/include/auto/ble_wrap.c:6389:12:aci_gap_adv_set_scan_resp_data	40	static,ignoring_inline_asm
../Middlewares/ST/STM32_WPAN/ble/stack/include/auto/ble_wrap.c:6406:12:aci_gap_adv_remove_set	24	static,ignoring_inline_asm
../Middlewares/ST/STM32_WPAN/ble/stack/include/auto/ble_wrap.c:6415:12:aci_gap_adv_clear_sets	16	static,ignoring_inline_asm
../Middlewares/ST/STM32_WPAN/ble/stack/include/auto/ble_wrap.c:6424:12:aci_gap_adv_set_random_address	24	static,ignoring_inline_asm
../Middlewares/ST/STM32_WPAN/ble/stack/include/auto/ble_wrap.c:6435:12:aci_gap_adv_set_periodic_parameters	56	static,ignoring_inline_asm
../Middlewares/ST/STM32_WPAN/ble/stack/include/auto/ble_wrap.c:6460:12:aci_gap_adv_set_periodic_data	24	static,ignoring_inline_asm
../Middlewares/ST/STM32_WPAN/ble/stack/include/auto/ble_wrap.c:6475:12:aci_gap_adv_set_periodic_enable	24	static,ignoring_inline_asm
../Middlewares/ST/STM32_WPAN/ble/stack/include/auto/ble_wrap.c:6486:12:aci_gap_adv_set_configuration_v2	80	static,ignoring_inline_asm
../Middlewares/ST/STM32_WPAN/ble/stack/include/auto/ble_wrap.c:6529:12:aci_gap_start_scan	56	static,ignoring_inline_asm
../Middlewares/ST/STM32_WPAN/ble/stack/include/auto/ble_wrap.c:6554:12:aci_gap_ext_create_connection	56	static,ignoring_inline_asm
../Middlewares/ST/STM32_WPAN/ble/stack/include/auto/ble_wrap.c:6581:12:aci_gatt_init	16	static,ignoring_inline_asm
../Middlewares/ST/STM32_WPAN/ble/stack/include/auto/ble_wrap.c:6590:12:aci_gatt_add_service	32	static,ignoring_inline_asm
../Middlewares/ST/STM32_WPAN/ble/stack/include/auto/ble_wrap.c:6607:12:aci_gatt_include_service	40	static,ignoring_inline_asm
../Middlewares/ST/STM32_WPAN/ble/stack/include/auto/ble_wrap.c:6626:12:aci_gatt_add_char	56	static,ignoring_inline_asm
../Middlewares/ST/STM32_WPAN/ble/stack/include/auto/ble_wrap.c:6653:12:aci_gatt_add_char_desc	72	static,ignoring_inline_asm
../Middlewares/ST/STM32_WPAN/ble/stack/include/auto/ble_wrap.c:6686:12:aci_gatt_update_char_value	40	static,ignoring_inline_asm
../Middlewares/ST/STM32_WPAN/ble/stack/include/auto/ble_wrap.c:6703:12:aci_gatt_del_char	24	static,ignoring_inline_asm
../Middlewares/ST/STM32_WPAN/ble/stack/include/auto/ble_wrap.c:6714:12:aci_gatt_del_service	24	static,ignoring_inline_asm
../Middlewares/ST/STM32_WPAN/ble/stack/include/auto/ble_wrap.c:6723:12:aci_gatt_del_include_service	24	static,ignoring_inline_asm
../Middlewares/ST/STM32_WPAN/ble/stack/include/auto/ble_wrap.c:6734:12:aci_gatt_set_event_mask	24	static,ignoring_inline_asm
../Middlewares/ST/STM32_WPAN/ble/stack/include/auto/ble_wrap.c:6743:12:aci_gatt_exchange_config	24	static,ignoring_inline_asm
../Middlewares/ST/STM32_WPAN/ble/stack/include/auto/ble_wrap.c:6752:12:aci_att_find_info_req	24	static,ignoring_inline_asm
../Middlewares/ST/STM32_WPAN/ble/stack/include/auto/ble_wrap.c:6765:12:aci_att_find_by_type_value_req	40	static,ignoring_inline_asm
../Middlewares/ST/STM32_WPAN/ble/stack/include/auto/ble_wrap.c:6784:12:aci_att_read_by_type_req	40	static,ignoring_inline_asm
../Middlewares/ST/STM32_WPAN/ble/stack/include/auto/ble_wrap.c:6801:12:aci_att_read_by_group_type_req	40	static,ignoring_inline_asm
../Middlewares/ST/STM32_WPAN/ble/stack/include/auto/ble_wrap.c:6818:12:aci_att_prepare_write_req	40	static,ignoring_inline_asm
../Middlewares/ST/STM32_WPAN/ble/stack/include/auto/ble_wrap.c:6835:12:aci_att_execute_write_req	24	static,ignoring_inline_asm
../Middlewares/ST/STM32_WPAN/ble/stack/include/auto/ble_wrap.c:6846:12:aci_gatt_disc_all_primary_services	24	static,ignoring_inline_asm
../Middlewares/ST/STM32_WPAN/ble/stack/include/auto/ble_wrap.c:6855:12:aci_gatt_disc_primary_service_by_uuid	24	static,ignoring_inline_asm
../Middlewares/ST/STM32_WPAN/ble/stack/include/auto/ble_wrap.c:6868:12:aci_gatt_find_included_services	24	static,ignoring_inline_asm
../Middlewares/ST/STM32_WPAN/ble/stack/include/auto/ble_wrap.c:6881:12:aci_gatt_disc_all_char_of_service	24	static,ignoring_inline_asm
../Middlewares/ST/STM32_WPAN/ble/stack/include/auto/ble_wrap.c:6894:12:aci_gatt_disc_char_by_uuid	40	static,ignoring_inline_asm
../Middlewares/ST/STM32_WPAN/ble/stack/include/auto/ble_wrap.c:6911:12:aci_gatt_disc_all_char_desc	24	static,ignoring_inline_asm
../Middlewares/ST/STM32_WPAN/ble/stack/include/auto/ble_wrap.c:6924:12:aci_gatt_read_char_value	24	static,ignoring_inline_asm
../Middlewares/ST/STM32_WPAN/ble/stack/include/auto/ble_wrap.c:6935:12:aci_gatt_read_using_char_uuid	40	static,ignoring_inline_asm
../Middlewares/ST/STM32_WPAN/ble/stack/include/auto/ble_wrap.c:6952:12:aci_gatt_read_long_char_value	24	static,ignoring_inline_asm
../Middlewares/ST/STM32_WPAN/ble/stack/include/auto/ble_wrap.c:6965:12:aci_gatt_read_multiple_char_value	24	static,ignoring_inline_asm
../Middlewares/ST/STM32_WPAN/ble/stack/include/auto/ble_wrap.c:6978:12:aci_gatt_write_char_value	32	static,ignoring_inline_asm
../Middlewares/ST/STM32_WPAN/ble/stack/include/auto/ble_wrap.c:6993:12:aci_gatt_write_long_char_value	40	static,ignoring_inline_asm
../Middlewares/ST/STM32_WPAN/ble/stack/include/auto/ble_wrap.c:7010:12:aci_gatt_write_char_reliable	40	static,ignoring_inline_asm
../Middlewares/ST/STM32_WPAN/ble/stack/include/auto/ble_wrap.c:7027:12:aci_gatt_write_without_resp	32	static,ignoring_inline_asm
../Middlewares/ST/STM32_WPAN/ble/stack/include/auto/ble_wrap.c:7042:12:aci_gatt_confirm_indication	24	static,ignoring_inline_asm
../Middlewares/ST/STM32_WPAN/ble/stack/include/auto/ble_wrap.c:7051:12:aci_gatt_permit_write	40	static,ignoring_inline_asm
../Middlewares/ST/STM32_WPAN/ble/stack/include/auto/ble_wrap.c:7070:12:aci_gatt_permit_read	32	static,ignoring_inline_asm
../Middlewares/ST/STM32_WPAN/ble/stack/include/auto/ble_wrap.c:7085:12:aci_gatt_set_security_permission	24	static,ignoring_inline_asm
../Middlewares/ST/STM32_WPAN/ble/stack/include/auto/ble_wrap.c:7098:12:aci_gatt_set_desc_value	40	static,ignoring_inline_asm
../Middlewares/ST/STM32_WPAN/ble/stack/include/auto/ble_wrap.c:7117:12:aci_gatt_read_handle_value	40	static,ignoring_inline_asm
../Middlewares/ST/STM32_WPAN/ble/stack/include/auto/ble_wrap.c:7136:12:aci_gatt_get_attribute_value	48	static,ignoring_inline_asm
../Middlewares/ST/STM32_WPAN/ble/stack/include/auto/ble_wrap.c:7157:12:aci_gatt_update_char_value_ext	48	static,ignoring_inline_asm
../Middlewares/ST/STM32_WPAN/ble/stack/include/auto/ble_wrap.c:7180:12:aci_gatt_set_access_permission	24	static,ignoring_inline_asm
../Middlewares/ST/STM32_WPAN/ble/stack/include/auto/ble_wrap.c:7193:12:aci_gatt_store_db	16	static,ignoring_inline_asm
../Middlewares/ST/STM32_WPAN/ble/stack/include/auto/ble_wrap.c:7202:12:aci_gatt_send_mult_notification	24	static,ignoring_inline_asm
../Middlewares/ST/STM32_WPAN/ble/stack/include/auto/ble_wrap.c:7215:12:aci_gatt_read_multiple_var_char_value	24	static,ignoring_inline_asm
../Middlewares/ST/STM32_WPAN/ble/stack/include/auto/ble_wrap.c:7228:12:aci_gatt_write_without_resp_ext	40	static,ignoring_inline_asm
../Middlewares/ST/STM32_WPAN/ble/stack/include/auto/ble_wrap.c:7245:12:aci_gatt_write_with_resp_ext	40	static,ignoring_inline_asm
../Middlewares/ST/STM32_WPAN/ble/stack/include/auto/ble_wrap.c:7264:12:aci_l2cap_connection_parameter_update_req	40	static,ignoring_inline_asm
../Middlewares/ST/STM32_WPAN/ble/stack/include/auto/ble_wrap.c:7281:12:aci_l2cap_connection_parameter_update_resp	56	static,ignoring_inline_asm
../Middlewares/ST/STM32_WPAN/ble/stack/include/auto/ble_wrap.c:7306:12:aci_l2cap_coc_connect	40	static,ignoring_inline_asm
../Middlewares/ST/STM32_WPAN/ble/stack/include/auto/ble_wrap.c:7325:12:aci_l2cap_coc_connect_confirm	48	static,ignoring_inline_asm
../Middlewares/ST/STM32_WPAN/ble/stack/include/auto/ble_wrap.c:7348:12:aci_l2cap_coc_reconf	40	static,ignoring_inline_asm
../Middlewares/ST/STM32_WPAN/ble/stack/include/auto/ble_wrap.c:7365:12:aci_l2cap_coc_reconf_confirm	24	static,ignoring_inline_asm
../Middlewares/ST/STM32_WPAN/ble/stack/include/auto/ble_wrap.c:7376:12:aci_l2cap_coc_disconnect	24	static,ignoring_inline_asm
../Middlewares/ST/STM32_WPAN/ble/stack/include/auto/ble_wrap.c:7385:12:aci_l2cap_coc_flow_control	24	static,ignoring_inline_asm
../Middlewares/ST/STM32_WPAN/ble/stack/include/auto/ble_wrap.c:7396:12:aci_l2cap_coc_tx_data	24	static,ignoring_inline_asm
../Middlewares/ST/STM32_WPAN/ble/stack/include/auto/ble_wrap.c:7409:12:aci_reset	24	static,ignoring_inline_asm
../Middlewares/ST/STM32_WPAN/ble/stack/include/auto/ble_wrap.c:7420:12:aci_get_information	32	static,ignoring_inline_asm
../Middlewares/ST/STM32_WPAN/ble/stack/include/auto/ble_wrap.c:7433:12:aci_write_config_data	24	static,ignoring_inline_asm
../Middlewares/ST/STM32_WPAN/ble/stack/include/auto/ble_wrap.c:7446:12:aci_read_config_data	32	static,ignoring_inline_asm
../Middlewares/ST/STM32_WPAN/ble/stack/include/auto/ble_wrap.c:10384:19:hci_disconnection_complete_event	16	static
../Middlewares/ST/STM32_WPAN/ble/stack/include/auto/ble_wrap.c:10393:19:hci_disconnection_complete_event_process	24	static
../Middlewares/ST/STM32_WPAN/ble/stack/include/auto/ble_wrap.c:10403:19:hci_encryption_change_event	16	static
../Middlewares/ST/STM32_WPAN/ble/stack/include/auto/ble_wrap.c:10412:19:hci_encryption_change_event_process	24	static
../Middlewares/ST/STM32_WPAN/ble/stack/include/auto/ble_wrap.c:10422:19:hci_read_remote_version_information_complete_event	16	static
../Middlewares/ST/STM32_WPAN/ble/stack/include/auto/ble_wrap.c:10433:19:hci_read_remote_version_information_complete_event_process	40	static
../Middlewares/ST/STM32_WPAN/ble/stack/include/auto/ble_wrap.c:10445:19:hci_hardware_error_event	16	static
../Middlewares/ST/STM32_WPAN/ble/stack/include/auto/ble_wrap.c:10452:19:hci_hardware_error_event_process	24	static
../Middlewares/ST/STM32_WPAN/ble/stack/include/auto/ble_wrap.c:10460:19:hci_number_of_completed_packets_event	16	static
../Middlewares/ST/STM32_WPAN/ble/stack/include/auto/ble_wrap.c:10468:19:hci_number_of_completed_packets_event_process	24	static
../Middlewares/ST/STM32_WPAN/ble/stack/include/auto/ble_wrap.c:10477:19:hci_data_buffer_overflow_event	16	static
../Middlewares/ST/STM32_WPAN/ble/stack/include/auto/ble_wrap.c:10484:19:hci_data_buffer_overflow_event_process	24	static
../Middlewares/ST/STM32_WPAN/ble/stack/include/auto/ble_wrap.c:10492:19:hci_encryption_key_refresh_complete_event	16	static
../Middlewares/ST/STM32_WPAN/ble/stack/include/auto/ble_wrap.c:10500:19:hci_encryption_key_refresh_complete_event_process	24	static
../Middlewares/ST/STM32_WPAN/ble/stack/include/auto/ble_wrap.c:10509:19:hci_authenticated_payload_timeout_expired_event	16	static
../Middlewares/ST/STM32_WPAN/ble/stack/include/auto/ble_wrap.c:10516:19:hci_authenticated_payload_timeout_expired_event_process	24	static
../Middlewares/ST/STM32_WPAN/ble/stack/include/auto/ble_wrap.c:10524:19:hci_le_connection_complete_event	16	static
../Middlewares/ST/STM32_WPAN/ble/stack/include/auto/ble_wrap.c:10539:19:hci_le_connection_complete_event_process	64	static
../Middlewares/ST/STM32_WPAN/ble/stack/include/auto/ble_wrap.c:10555:19:hci_le_advertising_report_event	16	static
../Middlewares/ST/STM32_WPAN/ble/stack/include/auto/ble_wrap.c:10563:19:hci_le_advertising_report_event_process	40	static
../Middlewares/ST/STM32_WPAN/ble/stack/include/auto/ble_wrap.c:10582:19:hci_le_connection_update_complete_event	16	static
../Middlewares/ST/STM32_WPAN/ble/stack/include/auto/ble_wrap.c:10593:19:hci_le_connection_update_complete_event_process	40	static
../Middlewares/ST/STM32_WPAN/ble/stack/include/auto/ble_wrap.c:10605:19:hci_le_read_remote_features_page_0_complete_event	16	static
../Middlewares/ST/STM32_WPAN/ble/stack/include/auto/ble_wrap.c:10614:19:hci_le_read_remote_features_page_0_complete_event_process	24	static
../Middlewares/ST/STM32_WPAN/ble/stack/include/auto/ble_wrap.c:10624:19:hci_le_long_term_key_request_event	16	static
../Middlewares/ST/STM32_WPAN/ble/stack/include/auto/ble_wrap.c:10633:19:hci_le_long_term_key_request_event_process	24	static
../Middlewares/ST/STM32_WPAN/ble/stack/include/auto/ble_wrap.c:10643:19:hci_le_remote_connection_parameter_request_event	16	static
../Middlewares/ST/STM32_WPAN/ble/stack/include/auto/ble_wrap.c:10654:19:hci_le_remote_connection_parameter_request_event_process	40	static
../Middlewares/ST/STM32_WPAN/ble/stack/include/auto/ble_wrap.c:10666:19:hci_le_data_length_change_event	16	static
../Middlewares/ST/STM32_WPAN/ble/stack/include/auto/ble_wrap.c:10677:19:hci_le_data_length_change_event_process	40	static
../Middlewares/ST/STM32_WPAN/ble/stack/include/auto/ble_wrap.c:10689:19:hci_le_read_local_p256_public_key_complete_event	16	static
../Middlewares/ST/STM32_WPAN/ble/stack/include/auto/ble_wrap.c:10697:19:hci_le_read_local_p256_public_key_complete_event_process	24	static
../Middlewares/ST/STM32_WPAN/ble/stack/include/auto/ble_wrap.c:10706:19:hci_le_generate_dhkey_complete_event	16	static
../Middlewares/ST/STM32_WPAN/ble/stack/include/auto/ble_wrap.c:10714:19:hci_le_generate_dhkey_complete_event_process	24	static
../Middlewares/ST/STM32_WPAN/ble/stack/include/auto/ble_wrap.c:10723:19:hci_le_enhanced_connection_complete_event	16	static
../Middlewares/ST/STM32_WPAN/ble/stack/include/auto/ble_wrap.c:10740:19:hci_le_enhanced_connection_complete_event_process	80	static
../Middlewares/ST/STM32_WPAN/ble/stack/include/auto/ble_wrap.c:10758:19:hci_le_directed_advertising_report_event	16	static
../Middlewares/ST/STM32_WPAN/ble/stack/include/auto/ble_wrap.c:10766:19:hci_le_directed_advertising_report_event_process	24	static
../Middlewares/ST/STM32_WPAN/ble/stack/include/auto/ble_wrap.c:10775:19:hci_le_phy_update_complete_event	16	static
../Middlewares/ST/STM32_WPAN/ble/stack/include/auto/ble_wrap.c:10785:19:hci_le_phy_update_complete_event_process	24	static
../Middlewares/ST/STM32_WPAN/ble/stack/include/auto/ble_wrap.c:10796:19:hci_le_extended_advertising_report_event	16	static
../Middlewares/ST/STM32_WPAN/ble/stack/include/auto/ble_wrap.c:10816:19:hci_le_extended_advertising_report_event_process	96	static
../Middlewares/ST/STM32_WPAN/ble/stack/include/auto/ble_wrap.c:10837:19:hci_le_periodic_advertising_sync_established_event	16	static
../Middlewares/ST/STM32_WPAN/ble/stack/include/auto/ble_wrap.c:10851:19:hci_le_periodic_advertising_sync_established_event_process	56	static
../Middlewares/ST/STM32_WPAN/ble/stack/include/auto/ble_wrap.c:10866:19:hci_le_periodic_advertising_report_event	16	static
../Middlewares/ST/STM32_WPAN/ble/stack/include/auto/ble_wrap.c:10879:19:hci_le_periodic_advertising_report_event_process	56	static
../Middlewares/ST/STM32_WPAN/ble/stack/include/auto/ble_wrap.c:10893:19:hci_le_periodic_advertising_sync_lost_event	16	static
../Middlewares/ST/STM32_WPAN/ble/stack/include/auto/ble_wrap.c:10900:19:hci_le_periodic_advertising_sync_lost_event_process	24	static
../Middlewares/ST/STM32_WPAN/ble/stack/include/auto/ble_wrap.c:10908:19:hci_le_scan_timeout_event	4	static
../Middlewares/ST/STM32_WPAN/ble/stack/include/auto/ble_wrap.c:10915:19:hci_le_scan_timeout_event_process	16	static
../Middlewares/ST/STM32_WPAN/ble/stack/include/auto/ble_wrap.c:10922:19:hci_le_advertising_set_terminated_event	16	static
../Middlewares/ST/STM32_WPAN/ble/stack/include/auto/ble_wrap.c:10932:19:hci_le_advertising_set_terminated_event_process	24	static
../Middlewares/ST/STM32_WPAN/ble/stack/include/auto/ble_wrap.c:10943:19:hci_le_scan_request_received_event	16	static
../Middlewares/ST/STM32_WPAN/ble/stack/include/auto/ble_wrap.c:10952:19:hci_le_scan_request_received_event_process	24	static
../Middlewares/ST/STM32_WPAN/ble/stack/include/auto/ble_wrap.c:10962:19:hci_le_channel_selection_algorithm_event	16	static
../Middlewares/ST/STM32_WPAN/ble/stack/include/auto/ble_wrap.c:10970:19:hci_le_channel_selection_algorithm_event_process	24	static
../Middlewares/ST/STM32_WPAN/ble/stack/include/auto/ble_wrap.c:10979:19:hci_le_connectionless_iq_report_event	16	static
../Middlewares/ST/STM32_WPAN/ble/stack/include/auto/ble_wrap.c:10995:19:hci_le_connectionless_iq_report_event_process	64	static
../Middlewares/ST/STM32_WPAN/ble/stack/include/auto/ble_wrap.c:11012:19:hci_le_connection_iq_report_event	16	static
../Middlewares/ST/STM32_WPAN/ble/stack/include/auto/ble_wrap.c:11029:19:hci_le_connection_iq_report_event_process	80	static
../Middlewares/ST/STM32_WPAN/ble/stack/include/auto/ble_wrap.c:11047:19:hci_le_cte_request_failed_event	16	static
../Middlewares/ST/STM32_WPAN/ble/stack/include/auto/ble_wrap.c:11055:19:hci_le_cte_request_failed_event_process	24	static
../Middlewares/ST/STM32_WPAN/ble/stack/include/auto/ble_wrap.c:11064:19:hci_le_periodic_advertising_sync_transfer_received_event	16	static
../Middlewares/ST/STM32_WPAN/ble/stack/include/auto/ble_wrap.c:11080:19:hci_le_periodic_advertising_sync_transfer_received_event_process	64	static
../Middlewares/ST/STM32_WPAN/ble/stack/include/auto/ble_wrap.c:11097:19:hci_le_cis_established_event	24	static
../Middlewares/ST/STM32_WPAN/ble/stack/include/auto/ble_wrap.c:11119:19:hci_le_cis_established_event_process	112	static
../Middlewares/ST/STM32_WPAN/ble/stack/include/auto/ble_wrap.c:11142:19:hci_le_cis_request_event	16	static
../Middlewares/ST/STM32_WPAN/ble/stack/include/auto/ble_wrap.c:11152:19:hci_le_cis_request_event_process	24	static
../Middlewares/ST/STM32_WPAN/ble/stack/include/auto/ble_wrap.c:11163:19:hci_le_create_big_complete_event	24	static
../Middlewares/ST/STM32_WPAN/ble/stack/include/auto/ble_wrap.c:11182:19:hci_le_create_big_complete_event_process	96	static
../Middlewares/ST/STM32_WPAN/ble/stack/include/auto/ble_wrap.c:11202:19:hci_le_terminate_big_complete_event	16	static
../Middlewares/ST/STM32_WPAN/ble/stack/include/auto/ble_wrap.c:11210:19:hci_le_terminate_big_complete_event_process	24	static
../Middlewares/ST/STM32_WPAN/ble/stack/include/auto/ble_wrap.c:11219:19:hci_le_big_sync_established_event	16	static
../Middlewares/ST/STM32_WPAN/ble/stack/include/auto/ble_wrap.c:11236:19:hci_le_big_sync_established_event_process	80	static
../Middlewares/ST/STM32_WPAN/ble/stack/include/auto/ble_wrap.c:11254:19:hci_le_big_sync_lost_event	16	static
../Middlewares/ST/STM32_WPAN/ble/stack/include/auto/ble_wrap.c:11262:19:hci_le_big_sync_lost_event_process	24	static
../Middlewares/ST/STM32_WPAN/ble/stack/include/auto/ble_wrap.c:11271:19:hci_le_request_peer_sca_complete_event	16	static
../Middlewares/ST/STM32_WPAN/ble/stack/include/auto/ble_wrap.c:11280:19:hci_le_request_peer_sca_complete_event_process	24	static
../Middlewares/ST/STM32_WPAN/ble/stack/include/auto/ble_wrap.c:11290:19:hci_le_path_loss_threshold_event	16	static
../Middlewares/ST/STM32_WPAN/ble/stack/include/auto/ble_wrap.c:11299:19:hci_le_path_loss_threshold_event_process	24	static
../Middlewares/ST/STM32_WPAN/ble/stack/include/auto/ble_wrap.c:11309:19:hci_le_transmit_power_reporting_event	16	static
../Middlewares/ST/STM32_WPAN/ble/stack/include/auto/ble_wrap.c:11322:19:hci_le_transmit_power_reporting_event_process	56	static
../Middlewares/ST/STM32_WPAN/ble/stack/include/auto/ble_wrap.c:11336:19:hci_le_biginfo_advertising_report_event	16	static
../Middlewares/ST/STM32_WPAN/ble/stack/include/auto/ble_wrap.c:11355:19:hci_le_biginfo_advertising_report_event_process	96	static
../Middlewares/ST/STM32_WPAN/ble/stack/include/auto/ble_wrap.c:11375:19:hci_le_subrate_change_event	16	static
../Middlewares/ST/STM32_WPAN/ble/stack/include/auto/ble_wrap.c:11387:19:hci_le_subrate_change_event_process	40	static
../Middlewares/ST/STM32_WPAN/ble/stack/include/auto/ble_wrap.c:11400:19:hci_le_periodic_advertising_sync_established_v2_event	16	static
../Middlewares/ST/STM32_WPAN/ble/stack/include/auto/ble_wrap.c:11418:19:hci_le_periodic_advertising_sync_established_v2_event_process	80	static
../Middlewares/ST/STM32_WPAN/ble/stack/include/auto/ble_wrap.c:11437:19:hci_le_periodic_advertising_report_v2_event	16	static
../Middlewares/ST/STM32_WPAN/ble/stack/include/auto/ble_wrap.c:11452:19:hci_le_periodic_advertising_report_v2_event_process	64	static
../Middlewares/ST/STM32_WPAN/ble/stack/include/auto/ble_wrap.c:11468:19:hci_le_periodic_advertising_sync_transfer_received_v2_event	16	static
../Middlewares/ST/STM32_WPAN/ble/stack/include/auto/ble_wrap.c:11488:19:hci_le_periodic_advertising_sync_transfer_received_v2_event_process	96	static
../Middlewares/ST/STM32_WPAN/ble/stack/include/auto/ble_wrap.c:11509:19:hci_le_periodic_advertising_subevent_data_request_event	16	static
../Middlewares/ST/STM32_WPAN/ble/stack/include/auto/ble_wrap.c:11518:19:hci_le_periodic_advertising_subevent_data_request_event_process	24	static
../Middlewares/ST/STM32_WPAN/ble/stack/include/auto/ble_wrap.c:11528:19:hci_le_periodic_advertising_response_report_event	16	static
../Middlewares/ST/STM32_WPAN/ble/stack/include/auto/ble_wrap.c:11539:19:hci_le_periodic_advertising_response_report_event_process	40	static
../Middlewares/ST/STM32_WPAN/ble/stack/include/auto/ble_wrap.c:11551:19:hci_le_enhanced_connection_complete_v2_event	16	static
../Middlewares/ST/STM32_WPAN/ble/stack/include/auto/ble_wrap.c:11570:19:hci_le_enhanced_connection_complete_v2_event_process	96	static
../Middlewares/ST/STM32_WPAN/ble/stack/include/auto/ble_wrap.c:11590:19:hci_le_cis_established_v2_event	24	static
../Middlewares/ST/STM32_WPAN/ble/stack/include/auto/ble_wrap.c:11618:19:hci_le_cis_established_v2_event_process	160	static
../Middlewares/ST/STM32_WPAN/ble/stack/include/auto/ble_wrap.c:11647:19:hci_le_read_all_remote_features_complete_event	16	static
../Middlewares/ST/STM32_WPAN/ble/stack/include/auto/ble_wrap.c:11658:19:hci_le_read_all_remote_features_complete_event_process	40	static
../Middlewares/ST/STM32_WPAN/ble/stack/include/auto/ble_wrap.c:11670:19:hci_le_cs_read_remote_supported_capabilities_complete_event	16	static
../Middlewares/ST/STM32_WPAN/ble/stack/include/auto/ble_wrap.c:11698:19:hci_le_cs_read_remote_supported_capabilities_complete_event_process	160	static
../Middlewares/ST/STM32_WPAN/ble/stack/include/auto/ble_wrap.c:11727:19:hci_le_cs_read_remote_fae_table_complete_event	16	static
../Middlewares/ST/STM32_WPAN/ble/stack/include/auto/ble_wrap.c:11736:19:hci_le_cs_read_remote_fae_table_complete_event_process	24	static
../Middlewares/ST/STM32_WPAN/ble/stack/include/auto/ble_wrap.c:11746:19:hci_le_cs_security_enable_complete_event	16	static
../Middlewares/ST/STM32_WPAN/ble/stack/include/auto/ble_wrap.c:11754:19:hci_le_cs_security_enable_complete_event_process	24	static
../Middlewares/ST/STM32_WPAN/ble/stack/include/auto/ble_wrap.c:11763:19:hci_le_cs_config_complete_event	16	static
../Middlewares/ST/STM32_WPAN/ble/stack/include/auto/ble_wrap.c:11792:19:hci_le_cs_config_complete_event_process	176	static
../Middlewares/ST/STM32_WPAN/ble/stack/include/auto/ble_wrap.c:11822:19:hci_le_cs_procedure_enable_complete_event	16	static
../Middlewares/ST/STM32_WPAN/ble/stack/include/auto/ble_wrap.c:11841:19:hci_le_cs_procedure_enable_complete_event_process	96	static
../Middlewares/ST/STM32_WPAN/ble/stack/include/auto/ble_wrap.c:11861:19:hci_le_cs_subevent_result_event	16	static
../Middlewares/ST/STM32_WPAN/ble/stack/include/auto/ble_wrap.c:11879:19:hci_le_cs_subevent_result_event_process	80	static
../Middlewares/ST/STM32_WPAN/ble/stack/include/auto/ble_wrap.c:11898:19:hci_le_cs_subevent_result_continue_event	16	static
../Middlewares/ST/STM32_WPAN/ble/stack/include/auto/ble_wrap.c:11912:19:hci_le_cs_subevent_result_continue_event_process	56	static
../Middlewares/ST/STM32_WPAN/ble/stack/include/auto/ble_wrap.c:11927:19:hci_le_cs_test_end_complete_event	16	static
../Middlewares/ST/STM32_WPAN/ble/stack/include/auto/ble_wrap.c:11934:19:hci_le_cs_test_end_complete_event_process	24	static
../Middlewares/ST/STM32_WPAN/ble/stack/include/auto/ble_wrap.c:11942:19:hci_le_monitored_advertisers_report_event	16	static
../Middlewares/ST/STM32_WPAN/ble/stack/include/auto/ble_wrap.c:11951:19:hci_le_monitored_advertisers_report_event_process	24	static
../Middlewares/ST/STM32_WPAN/ble/stack/include/auto/ble_wrap.c:11961:19:hci_le_frame_space_update_complete_event	16	static
../Middlewares/ST/STM32_WPAN/ble/stack/include/auto/ble_wrap.c:11973:19:hci_le_frame_space_update_complete_event_process	40	static
../Middlewares/ST/STM32_WPAN/ble/stack/include/auto/ble_wrap.c:11986:19:aci_warning_event	16	static
../Middlewares/ST/STM32_WPAN/ble/stack/include/auto/ble_wrap.c:11995:19:aci_warning_event_process	24	static
../Middlewares/ST/STM32_WPAN/ble/stack/include/auto/ble_wrap.c:12005:19:aci_gap_limited_discoverable_event	4	static
../Middlewares/ST/STM32_WPAN/ble/stack/include/auto/ble_wrap.c:12012:19:aci_gap_limited_discoverable_event_process	16	static
../Middlewares/ST/STM32_WPAN/ble/stack/include/auto/ble_wrap.c:12019:19:aci_gap_pairing_complete_event	16	static
../Middlewares/ST/STM32_WPAN/ble/stack/include/auto/ble_wrap.c:12028:19:aci_gap_pairing_complete_event_process	24	static
../Middlewares/ST/STM32_WPAN/ble/stack/include/auto/ble_wrap.c:12038:19:aci_gap_pass_key_req_event	16	static
../Middlewares/ST/STM32_WPAN/ble/stack/include/auto/ble_wrap.c:12046:19:aci_gap_pass_key_req_event_process	24	static
../Middlewares/ST/STM32_WPAN/ble/stack/include/auto/ble_wrap.c:12055:19:aci_gap_authorization_req_event	16	static
../Middlewares/ST/STM32_WPAN/ble/stack/include/auto/ble_wrap.c:12062:19:aci_gap_authorization_req_event_process	24	static
../Middlewares/ST/STM32_WPAN/ble/stack/include/auto/ble_wrap.c:12070:19:aci_gap_bond_lost_event	16	static
../Middlewares/ST/STM32_WPAN/ble/stack/include/auto/ble_wrap.c:12077:19:aci_gap_bond_lost_event_process	24	static
../Middlewares/ST/STM32_WPAN/ble/stack/include/auto/ble_wrap.c:12085:19:aci_gap_proc_complete_event	16	static
../Middlewares/ST/STM32_WPAN/ble/stack/include/auto/ble_wrap.c:12095:19:aci_gap_proc_complete_event_process	24	static
../Middlewares/ST/STM32_WPAN/ble/stack/include/auto/ble_wrap.c:12106:19:aci_gap_addr_not_resolved_event	16	static
../Middlewares/ST/STM32_WPAN/ble/stack/include/auto/ble_wrap.c:12113:19:aci_gap_addr_not_resolved_event_process	24	static
../Middlewares/ST/STM32_WPAN/ble/stack/include/auto/ble_wrap.c:12121:19:aci_gap_numeric_comparison_value_event	16	static
../Middlewares/ST/STM32_WPAN/ble/stack/include/auto/ble_wrap.c:12129:19:aci_gap_numeric_comparison_value_event_process	24	static
../Middlewares/ST/STM32_WPAN/ble/stack/include/auto/ble_wrap.c:12138:19:aci_gap_keypress_notification_event	16	static
../Middlewares/ST/STM32_WPAN/ble/stack/include/auto/ble_wrap.c:12146:19:aci_gap_keypress_notification_event_process	24	static
../Middlewares/ST/STM32_WPAN/ble/stack/include/auto/ble_wrap.c:12155:19:aci_gap_pairing_request_event	16	static
../Middlewares/ST/STM32_WPAN/ble/stack/include/auto/ble_wrap.c:12164:19:aci_gap_pairing_request_event_process	24	static
../Middlewares/ST/STM32_WPAN/ble/stack/include/auto/ble_wrap.c:12174:19:aci_l2cap_connection_update_resp_event	16	static
../Middlewares/ST/STM32_WPAN/ble/stack/include/auto/ble_wrap.c:12182:19:aci_l2cap_connection_update_resp_event_process	24	static
../Middlewares/ST/STM32_WPAN/ble/stack/include/auto/ble_wrap.c:12191:19:aci_l2cap_proc_timeout_event	16	static
../Middlewares/ST/STM32_WPAN/ble/stack/include/auto/ble_wrap.c:12200:19:aci_l2cap_proc_timeout_event_process	24	static
../Middlewares/ST/STM32_WPAN/ble/stack/include/auto/ble_wrap.c:12210:19:aci_l2cap_connection_update_req_event	16	static
../Middlewares/ST/STM32_WPAN/ble/stack/include/auto/ble_wrap.c:12223:19:aci_l2cap_connection_update_req_event_process	56	static
../Middlewares/ST/STM32_WPAN/ble/stack/include/auto/ble_wrap.c:12237:19:aci_l2cap_command_reject_event	16	static
../Middlewares/ST/STM32_WPAN/ble/stack/include/auto/ble_wrap.c:12248:19:aci_l2cap_command_reject_event_process	40	static
../Middlewares/ST/STM32_WPAN/ble/stack/include/auto/ble_wrap.c:12260:19:aci_l2cap_coc_connect_event	16	static
../Middlewares/ST/STM32_WPAN/ble/stack/include/auto/ble_wrap.c:12272:19:aci_l2cap_coc_connect_event_process	40	static
../Middlewares/ST/STM32_WPAN/ble/stack/include/auto/ble_wrap.c:12285:19:aci_l2cap_coc_connect_confirm_event	16	static
../Middlewares/ST/STM32_WPAN/ble/stack/include/auto/ble_wrap.c:12298:19:aci_l2cap_coc_connect_confirm_event_process	56	static
../Middlewares/ST/STM32_WPAN/ble/stack/include/auto/ble_wrap.c:12312:19:aci_l2cap_coc_reconf_event	16	static
../Middlewares/ST/STM32_WPAN/ble/stack/include/auto/ble_wrap.c:12323:19:aci_l2cap_coc_reconf_event_process	40	static
../Middlewares/ST/STM32_WPAN/ble/stack/include/auto/ble_wrap.c:12335:19:aci_l2cap_coc_reconf_confirm_event	16	static
../Middlewares/ST/STM32_WPAN/ble/stack/include/auto/ble_wrap.c:12343:19:aci_l2cap_coc_reconf_confirm_event_process	24	static
../Middlewares/ST/STM32_WPAN/ble/stack/include/auto/ble_wrap.c:12352:19:aci_l2cap_coc_disconnect_event	16	static
../Middlewares/ST/STM32_WPAN/ble/stack/include/auto/ble_wrap.c:12359:19:aci_l2cap_coc_disconnect_event_process	24	static
../Middlewares/ST/STM32_WPAN/ble/stack/include/auto/ble_wrap.c:12367:19:aci_l2cap_coc_flow_control_event	16	static
../Middlewares/ST/STM32_WPAN/ble/stack/include/auto/ble_wrap.c:12375:19:aci_l2cap_coc_flow_control_event_process	24	static
../Middlewares/ST/STM32_WPAN/ble/stack/include/auto/ble_wrap.c:12384:19:aci_l2cap_coc_rx_data_event	16	static
../Middlewares/ST/STM32_WPAN/ble/stack/include/auto/ble_wrap.c:12393:19:aci_l2cap_coc_rx_data_event_process	24	static
../Middlewares/ST/STM32_WPAN/ble/stack/include/auto/ble_wrap.c:12403:19:aci_l2cap_coc_tx_pool_available_event	4	static
../Middlewares/ST/STM32_WPAN/ble/stack/include/auto/ble_wrap.c:12410:19:aci_l2cap_coc_tx_pool_available_event_process	16	static
../Middlewares/ST/STM32_WPAN/ble/stack/include/auto/ble_wrap.c:12417:19:aci_gatt_attribute_modified_event	16	static
../Middlewares/ST/STM32_WPAN/ble/stack/include/auto/ble_wrap.c:12428:19:aci_gatt_attribute_modified_event_process	40	static
../Middlewares/ST/STM32_WPAN/ble/stack/include/auto/ble_wrap.c:12440:19:aci_gatt_proc_timeout_event	16	static
../Middlewares/ST/STM32_WPAN/ble/stack/include/auto/ble_wrap.c:12447:19:aci_gatt_proc_timeout_event_process	24	static
../Middlewares/ST/STM32_WPAN/ble/stack/include/auto/ble_wrap.c:12455:19:aci_att_exchange_mtu_resp_event	16	static
../Middlewares/ST/STM32_WPAN/ble/stack/include/auto/ble_wrap.c:12463:19:aci_att_exchange_mtu_resp_event_process	24	static
../Middlewares/ST/STM32_WPAN/ble/stack/include/auto/ble_wrap.c:12472:19:aci_att_find_info_resp_event	16	static
../Middlewares/ST/STM32_WPAN/ble/stack/include/auto/ble_wrap.c:12482:19:aci_att_find_info_resp_event_process	24	static
../Middlewares/ST/STM32_WPAN/ble/stack/include/auto/ble_wrap.c:12493:19:aci_att_find_by_type_value_resp_event	16	static
../Middlewares/ST/STM32_WPAN/ble/stack/include/auto/ble_wrap.c:12502:19:aci_att_find_by_type_value_resp_event_process	24	static
../Middlewares/ST/STM32_WPAN/ble/stack/include/auto/ble_wrap.c:12512:19:aci_att_read_by_type_resp_event	16	static
../Middlewares/ST/STM32_WPAN/ble/stack/include/auto/ble_wrap.c:12522:19:aci_att_read_by_type_resp_event_process	24	static
../Middlewares/ST/STM32_WPAN/ble/stack/include/auto/ble_wrap.c:12533:19:aci_att_read_resp_event	16	static
../Middlewares/ST/STM32_WPAN/ble/stack/include/auto/ble_wrap.c:12542:19:aci_att_read_resp_event_process	24	static
../Middlewares/ST/STM32_WPAN/ble/stack/include/auto/ble_wrap.c:12552:19:aci_att_read_blob_resp_event	16	static
../Middlewares/ST/STM32_WPAN/ble/stack/include/auto/ble_wrap.c:12561:19:aci_att_read_blob_resp_event_process	24	static
../Middlewares/ST/STM32_WPAN/ble/stack/include/auto/ble_wrap.c:12571:19:aci_att_read_multiple_resp_event	16	static
../Middlewares/ST/STM32_WPAN/ble/stack/include/auto/ble_wrap.c:12580:19:aci_att_read_multiple_resp_event_process	24	static
../Middlewares/ST/STM32_WPAN/ble/stack/include/auto/ble_wrap.c:12590:19:aci_att_read_by_group_type_resp_event	16	static
../Middlewares/ST/STM32_WPAN/ble/stack/include/auto/ble_wrap.c:12600:19:aci_att_read_by_group_type_resp_event_process	24	static
../Middlewares/ST/STM32_WPAN/ble/stack/include/auto/ble_wrap.c:12611:19:aci_att_prepare_write_resp_event	16	static
../Middlewares/ST/STM32_WPAN/ble/stack/include/auto/ble_wrap.c:12622:19:aci_att_prepare_write_resp_event_process	40	static
../Middlewares/ST/STM32_WPAN/ble/stack/include/auto/ble_wrap.c:12634:19:aci_att_exec_write_resp_event	16	static
../Middlewares/ST/STM32_WPAN/ble/stack/include/auto/ble_wrap.c:12641:19:aci_att_exec_write_resp_event_process	24	static
../Middlewares/ST/STM32_WPAN/ble/stack/include/auto/ble_wrap.c:12649:19:aci_gatt_indication_event	24	static
../Middlewares/ST/STM32_WPAN/ble/stack/include/auto/ble_wrap.c:12659:19:aci_gatt_indication_event_process	24	static
../Middlewares/ST/STM32_WPAN/ble/stack/include/auto/ble_wrap.c:12670:19:aci_gatt_notification_event	24	static
../Middlewares/ST/STM32_WPAN/ble/stack/include/auto/ble_wrap.c:12680:19:aci_gatt_notification_event_process	24	static
../Middlewares/ST/STM32_WPAN/ble/stack/include/auto/ble_wrap.c:12691:19:aci_gatt_proc_complete_event	16	static
../Middlewares/ST/STM32_WPAN/ble/stack/include/auto/ble_wrap.c:12699:19:aci_gatt_proc_complete_event_process	24	static
../Middlewares/ST/STM32_WPAN/ble/stack/include/auto/ble_wrap.c:12708:19:aci_gatt_error_resp_event	16	static
../Middlewares/ST/STM32_WPAN/ble/stack/include/auto/ble_wrap.c:12718:19:aci_gatt_error_resp_event_process	24	static
../Middlewares/ST/STM32_WPAN/ble/stack/include/auto/ble_wrap.c:12729:19:aci_gatt_disc_read_char_by_uuid_resp_event	24	static
../Middlewares/ST/STM32_WPAN/ble/stack/include/auto/ble_wrap.c:12739:19:aci_gatt_disc_read_char_by_uuid_resp_event_process	24	static
../Middlewares/ST/STM32_WPAN/ble/stack/include/auto/ble_wrap.c:12750:19:aci_gatt_write_permit_req_event	24	static
../Middlewares/ST/STM32_WPAN/ble/stack/include/auto/ble_wrap.c:12760:19:aci_gatt_write_permit_req_event_process	24	static
../Middlewares/ST/STM32_WPAN/ble/stack/include/auto/ble_wrap.c:12771:19:aci_gatt_read_permit_req_event	16	static
../Middlewares/ST/STM32_WPAN/ble/stack/include/auto/ble_wrap.c:12780:19:aci_gatt_read_permit_req_event_process	24	static
../Middlewares/ST/STM32_WPAN/ble/stack/include/auto/ble_wrap.c:12790:19:aci_gatt_read_multi_permit_req_event	16	static
../Middlewares/ST/STM32_WPAN/ble/stack/include/auto/ble_wrap.c:12799:19:aci_gatt_read_multi_permit_req_event_process	24	static
../Middlewares/ST/STM32_WPAN/ble/stack/include/auto/ble_wrap.c:12809:19:aci_gatt_tx_pool_available_event	16	static
../Middlewares/ST/STM32_WPAN/ble/stack/include/auto/ble_wrap.c:12817:19:aci_gatt_tx_pool_available_event_process	24	static
../Middlewares/ST/STM32_WPAN/ble/stack/include/auto/ble_wrap.c:12826:19:aci_gatt_server_confirmation_event	16	static
../Middlewares/ST/STM32_WPAN/ble/stack/include/auto/ble_wrap.c:12833:19:aci_gatt_server_confirmation_event_process	24	static
../Middlewares/ST/STM32_WPAN/ble/stack/include/auto/ble_wrap.c:12841:19:aci_gatt_prepare_write_permit_req_event	16	static
../Middlewares/ST/STM32_WPAN/ble/stack/include/auto/ble_wrap.c:12852:19:aci_gatt_prepare_write_permit_req_event_process	40	static
../Middlewares/ST/STM32_WPAN/ble/stack/include/auto/ble_wrap.c:12864:19:aci_gatt_eatt_bearer_event	16	static
../Middlewares/ST/STM32_WPAN/ble/stack/include/auto/ble_wrap.c:12874:19:aci_gatt_eatt_bearer_event_process	24	static
../Middlewares/ST/STM32_WPAN/ble/stack/include/auto/ble_wrap.c:12885:19:aci_gatt_mult_notification_event	24	static
../Middlewares/ST/STM32_WPAN/ble/stack/include/auto/ble_wrap.c:12895:19:aci_gatt_mult_notification_event_process	24	static
../Middlewares/ST/STM32_WPAN/ble/stack/include/auto/ble_wrap.c:12906:19:aci_gatt_notification_complete_event	16	static
../Middlewares/ST/STM32_WPAN/ble/stack/include/auto/ble_wrap.c:12913:19:aci_gatt_notification_complete_event_process	24	static
../Middlewares/ST/STM32_WPAN/ble/stack/include/auto/ble_wrap.c:12921:19:aci_gatt_read_ext_event	24	static
../Middlewares/ST/STM32_WPAN/ble/stack/include/auto/ble_wrap.c:12931:19:aci_gatt_read_ext_event_process	24	static
../Middlewares/ST/STM32_WPAN/ble/stack/include/auto/ble_wrap.c:12942:19:aci_gatt_indication_ext_event	16	static
../Middlewares/ST/STM32_WPAN/ble/stack/include/auto/ble_wrap.c:12953:19:aci_gatt_indication_ext_event_process	40	static
../Middlewares/ST/STM32_WPAN/ble/stack/include/auto/ble_wrap.c:12965:19:aci_gatt_notification_ext_event	16	static
../Middlewares/ST/STM32_WPAN/ble/stack/include/auto/ble_wrap.c:12976:19:aci_gatt_notification_ext_event_process	40	static
../Middlewares/ST/STM32_WPAN/ble/stack/include/auto/ble_wrap.c:12988:19:aci_hal_end_of_radio_activity_event	16	static
../Middlewares/ST/STM32_WPAN/ble/stack/include/auto/ble_wrap.c:12999:19:aci_hal_end_of_radio_activity_event_process	40	static
../Middlewares/ST/STM32_WPAN/ble/stack/include/auto/ble_wrap.c:13011:19:aci_hal_sync_event	24	static
../Middlewares/ST/STM32_WPAN/ble/stack/include/auto/ble_wrap.c:13021:19:aci_hal_sync_event_process	24	static
../Middlewares/ST/STM32_WPAN/ble/stack/include/auto/ble_wrap.c:13395:9:BLE_EventProcess	32	static
../STM32_WPAN/Target/bleplat.c:34:6:BLEPLAT_Init	4	static
../STM32_WPAN/Target/bleplat.c:42:6:BLEPLAT_NvmStore	16	static
../STM32_WPAN/Target/bleplat.c:53:6:BLEPLAT_RngGet	16	static
../STM32_WPAN/Target/bleplat.c:62:6:BLEPLAT_AesEcbEncrypt	24	static
../STM32_WPAN/Target/bleplat.c:71:6:BLEPLAT_AesCmacSetKey	16	static
../STM32_WPAN/Target/bleplat.c:78:6:BLEPLAT_AesCmacCompute	24	static
../STM32_WPAN/Target/bleplat.c:87:5:BLEPLAT_AesCcmCrypt	56	static
../STM32_WPAN/Target/bleplat.c:105:5:BLEPLAT_PkaStartP256Key	16	static
../STM32_WPAN/Target/bleplat.c:112:6:BLEPLAT_PkaReadP256Key	16	static
../STM32_WPAN/Target/bleplat.c:119:5:BLEPLAT_PkaStartDhKey	16	static
../STM32_WPAN/Target/bleplat.c:127:5:BLEPLAT_PkaReadDhKey	16	static
../STM32_WPAN/Target/bleplat.c:134:6:PKACTRL_CB_Complete	8	static
../STM32_WPAN/Target/bleplat.c:143:9:BLEPLAT_TimerStart	16	static
../STM32_WPAN/Target/bleplat.c:151:6:BLEPLAT_TimerStop	16	static
