../Drivers/CMSIS/Include/core_cm33.h:2498:26:__NVIC_GetActive	16	static
../Drivers/CMSIS/Include/core_cm33.h:2587:22:__NVIC_SetPriority	16	static
../Drivers/STM32WBAxx_HAL_Driver/Inc/stm32wbaxx_ll_rcc.h:1783:26:LL_RCC_RADIO_IsEnabledSleepTimerClock	4	static
../Drivers/STM32WBAxx_HAL_Driver/Inc/stm32wbaxx_ll_rcc.h:1826:26:LL_RCC_RADIO_GetSleepTimerClockSource	4	static
../Drivers/STM32WBAxx_HAL_Driver/Inc/stm32wbaxx_ll_system.h:1253:26:LL_FLASH_GetUDN	4	static
../Drivers/STM32WBAxx_HAL_Driver/Inc/stm32wbaxx_ll_system.h:1273:26:LL_FLASH_GetSTCompanyID	4	static
../Drivers/STM32WBAxx_HAL_Driver/Inc/stm32wbaxx_ll_pwr.h:1974:26:LL_PWR_GetRadioMode	4	static
../Drivers/STM32WBAxx_HAL_Driver/Inc/stm32wbaxx_ll_pwr.h:2038:26:LL_PWR_IsActiveFlag_VOS	4	static
../STM32_WPAN/Target/linklayer_plat.c:65:6:LINKLAYER_PLAT_ClockInit	16	static
../STM32_WPAN/Target/linklayer_plat.c:86:6:LINKLAYER_PLAT_DelayUs	40	static,ignoring_inline_asm
../STM32_WPAN/Target/linklayer_plat.c:144:6:LINKLAYER_PLAT_Assert	16	static
../STM32_WPAN/Target/linklayer_plat.c:154:6:LINKLAYER_PLAT_WaitHclkRdy	8	static
../STM32_WPAN/Target/linklayer_plat.c:170:6:LINKLAYER_PLAT_NotifyWFIEnter	8	static
../STM32_WPAN/Target/linklayer_plat.c:192:6:LINKLAYER_PLAT_NotifyWFIExit	8	static
../STM32_WPAN/Target/linklayer_plat.c:207:6:LINKLAYER_PLAT_AclkCtrl	16	static
../STM32_WPAN/Target/linklayer_plat.c:238:6:LINKLAYER_PLAT_GetRNG	24	static
../STM32_WPAN/Target/linklayer_plat.c:265:6:LINKLAYER_PLAT_SetupRadioIT	16	static
../STM32_WPAN/Target/linklayer_plat.c:277:6:LINKLAYER_PLAT_SetupSwLowIT	16	static
../STM32_WPAN/Target/linklayer_plat.c:290:6:LINKLAYER_PLAT_TriggerSwLowIT	24	static
../STM32_WPAN/Target/linklayer_plat.c:331:6:LINKLAYER_PLAT_EnableIRQ	16	static,ignoring_inline_asm
../STM32_WPAN/Target/linklayer_plat.c:347:6:LINKLAYER_PLAT_DisableIRQ	16	static,ignoring_inline_asm
../STM32_WPAN/Target/linklayer_plat.c:368:6:LINKLAYER_PLAT_EnableSpecificIRQ	24	static,ignoring_inline_asm
../STM32_WPAN/Target/linklayer_plat.c:415:6:LINKLAYER_PLAT_DisableSpecificIRQ	24	static,ignoring_inline_asm
../STM32_WPAN/Target/linklayer_plat.c:459:6:LINKLAYER_PLAT_EnableRadioIT	8	static
../STM32_WPAN/Target/linklayer_plat.c:477:6:LINKLAYER_PLAT_DisableRadioIT	8	static
../STM32_WPAN/Target/linklayer_plat.c:495:6:LINKLAYER_PLAT_StartRadioEvt	8	static
../STM32_WPAN/Target/linklayer_plat.c:509:6:LINKLAYER_PLAT_StopRadioEvt	8	static
../STM32_WPAN/Target/linklayer_plat.c:523:6:LINKLAYER_PLAT_RCOStartClbr	8	static
../STM32_WPAN/Target/linklayer_plat.c:539:6:LINKLAYER_PLAT_RCOStopClbr	8	static
../STM32_WPAN/Target/linklayer_plat.c:554:6:LINKLAYER_PLAT_RequestTemperature	4	static
../STM32_WPAN/Target/linklayer_plat.c:563:6:LINKLAYER_PLAT_PhyStartClbr	4	static
../STM32_WPAN/Target/linklayer_plat.c:579:6:LINKLAYER_PLAT_PhyStopClbr	4	static
../STM32_WPAN/Target/linklayer_plat.c:595:6:LINKLAYER_PLAT_SCHLDR_TIMING_UPDATE_NOT	16	static
../STM32_WPAN/Target/linklayer_plat.c:607:10:LINKLAYER_PLAT_GetSTCompanyID	8	static
../STM32_WPAN/Target/linklayer_plat.c:617:10:LINKLAYER_PLAT_GetUDN	8	static
