../Drivers/STM32WBAxx_HAL_Driver/Inc/stm32wbaxx_ll_rcc.h:1826:26:LL_RCC_RADIO_GetSleepTimerClockSource	4	static
../Drivers/STM32WBAxx_HAL_Driver/Inc/stm32wbaxx_ll_system.h:956:26:LL_DBGMCU_GetRevisionID	4	static
../STM32_WPAN/Target/ll_sys_if.c:88:6:ll_sys_bg_process_init	8	static
../STM32_WPAN/Target/ll_sys_if.c:99:6:ll_sys_schedule_bg_process	8	static
../STM32_WPAN/Target/ll_sys_if.c:109:6:ll_sys_schedule_bg_process_isr	8	static
../STM32_WPAN/Target/ll_sys_if.c:119:6:ll_sys_config_params	8	static
../STM32_WPAN/Target/ll_sys_if.c:145:9:ll_sys_BLE_sleep_clock_accuracy_selection	24	static
../STM32_WPAN/Target/ll_sys_if.c:192:6:ll_sys_sleep_clock_source_selection	16	static
../STM32_WPAN/Target/ll_sys_if.c:220:6:ll_sys_reset	16	static
../STM32_WPAN/Target/ll_sys_if.c:271:6:ll_sys_apply_cte_settings	8	static
../STM32_WPAN/Target/ll_sys_if.c:277:6:ll_sys_get_ble_profile_statistics	24	static
