../Core/Src/apa102.c:3:13:SCK_HIGH	8	static
../Core/Src/apa102.c:4:13:SCK_LOW	8	static
../Core/Src/apa102.c:5:13:DATA_HIGH	8	static
../Core/Src/apa102.c:6:13:DATA_LOW	8	static
../Core/Src/apa102.c:9:20:clock_pulse	8	static
../Core/Src/apa102.c:17:13:send_byte	24	static
../Core/Src/apa102.c:29:13:send_start_frame	16	static
../Core/Src/apa102.c:37:13:send_end_frame	16	static
../Core/Src/apa102.c:46:13:send_led_frame	24	static
../Core/Src/apa102.c:56:6:apa102_update	24	static
../Core/Src/apa102.c:66:6:apa102_reset	24	static
../Core/Src/apa102.c:78:6:apa102_notify_device	24	static
../Core/Src/apa102.c:92:6:apa102_sequential_test	96	static
