../Drivers/STM32WBAxx_HAL_Driver/Inc/stm32wbaxx_ll_rcc.h:3149:22:LL_RCC_ClearResetFlags	4	static
../Drivers/STM32WBAxx_HAL_Driver/Inc/stm32wbaxx_ll_system.h:966:22:LL_DBGMCU_EnableDBGStopMode	4	static
../Drivers/STM32WBAxx_HAL_Driver/Inc/stm32wbaxx_ll_system.h:986:22:LL_DBGMCU_EnableDBGStandbyMode	4	static
../Core/Src/app_entry.c:167:6:MX_APPE_Config	8	static
../Core/Src/app_entry.c:176:10:MX_APPE_Init	16	static
../Core/Src/app_entry.c:212:6:MX_APPE_Process	8	static
../Core/Src/app_entry.c:237:13:Config_HSE	16	static
../Core/Src/app_entry.c:256:13:System_Init	8	static
../Core/Src/app_entry.c:305:13:SystemPower_Config	8	static
../Core/Src/app_entry.c:375:13:APPE_RNG_Init	8	static
../Core/Src/app_entry.c:386:13:APPE_PKACTRL_Init	8	static
../Core/Src/app_entry.c:392:13:APPE_AMM_Init	8	static
../Core/Src/app_entry.c:414:6:UTIL_SEQ_Idle	4	static
../Core/Src/app_entry.c:429:6:UTIL_SEQ_PreIdle	4	static
../Core/Src/app_entry.c:472:6:UTIL_SEQ_PostIdle	4	static
../Core/Src/app_entry.c:488:6:PKACTRL_CB_Process	8	static
../Core/Src/app_entry.c:496:6:HWCB_RNG_Process	8	static
../Core/Src/app_entry.c:501:6:AMM_RegisterBasicMemoryManager	16	static
../Core/Src/app_entry.c:509:6:AMM_ProcessRequest	8	static
../Core/Src/app_entry.c:515:13:AMM_WrapperInit	16	static
../Core/Src/app_entry.c:520:19:AMM_WrapperAllocate	16	static
../Core/Src/app_entry.c:525:13:AMM_WrapperFree	16	static
../Core/Src/app_entry.c:597:5:PKACTRL_MutexTake	16	static
../Core/Src/app_entry.c:617:5:PKACTRL_MutexRelease	16	static
../Core/Src/app_entry.c:632:5:PKACTRL_TakeSemEndOfOperation	16	static
../Core/Src/app_entry.c:657:5:PKACTRL_ReleaseSemEndOfOperation	16	static
