../Drivers/STM32WBAxx_HAL_Driver/Inc/stm32wbaxx_ll_pwr.h:852:22:LL_PWR_SetICacheRAMStopRetention	1
../Drivers/STM32WBAxx_HAL_Driver/Inc/stm32wbaxx_ll_icache.h:219:22:LL_ICACHE_Enable	1
../Drivers/STM32WBAxx_HAL_Driver/Inc/stm32wbaxx_ll_icache.h:252:22:LL_ICACHE_SetMode	1
../Core/Src/main.c:121:5:_write	1
../Core/Src/main.c:152:5:main	6
../Core/Src/main.c:238:6:SystemClock_Config	5
../Core/Src/main.c:311:6:PeriphCommonClock_Config	2
../Core/Src/main.c:331:6:MX_ICACHE_Init	1
../Core/Src/main.c:361:13:MX_IWDG_Init	2
../Core/Src/main.c:391:13:MX_LPUART1_UART_Init	5
../Core/Src/main.c:439:13:MX_USART1_UART_Init	5
../Core/Src/main.c:487:6:MX_RAMCFG_Init	3
../Core/Src/main.c:520:6:MX_RNG_Init	2
../Core/Src/main.c:547:6:MX_RTC_Init	5
../Core/Src/main.c:617:13:MX_SPI3_Init	2
../Core/Src/main.c:665:13:MX_GPIO_Init	1
../Core/Src/main.c:705:13:check_led_timeouts	4
../Core/Src/main.c:722:13:handle_ble_messages	5
../Core/Src/main.c:759:13:gateway_health_check	6
../Core/Src/main.c:792:13:gateway_try_reconnect	6
../Core/Src/main.c:865:13:publish_sensor_data	5
../Core/Src/main.c:908:6:Error_Handler	1
