../Drivers/STM32WBAxx_HAL_Driver/Inc/stm32wbaxx_ll_pwr.h:852:22:LL_PWR_SetICacheRAMStopRetention	16	static
../Drivers/STM32WBAxx_HAL_Driver/Inc/stm32wbaxx_ll_icache.h:219:22:LL_ICACHE_Enable	4	static
../Drivers/STM32WBAxx_HAL_Driver/Inc/stm32wbaxx_ll_icache.h:252:22:LL_ICACHE_SetMode	16	static
../Core/Src/main.c:118:5:_write	24	static
../Core/Src/main.c:149:5:main	8	static
../Core/Src/main.c:233:6:SystemClock_Config	104	static
../Core/Src/main.c:304:6:PeriphCommonClock_Config	72	static
../Core/Src/main.c:324:6:MX_ICACHE_Init	8	static
../Core/Src/main.c:354:13:MX_LPUART1_UART_Init	8	static
../Core/Src/main.c:402:13:MX_USART1_UART_Init	8	static
../Core/Src/main.c:450:6:MX_RAMCFG_Init	8	static
../Core/Src/main.c:483:6:MX_RNG_Init	8	static
../Core/Src/main.c:510:6:MX_RTC_Init	88	static
../Core/Src/main.c:580:13:MX_SPI3_Init	8	static
../Core/Src/main.c:628:13:MX_GPIO_Init	40	static
../Core/Src/main.c:668:13:check_led_timeouts	32	static
../Core/Src/main.c:685:13:handle_ble_messages	48	static
../Core/Src/main.c:722:13:gateway_health_check	16	static
../Core/Src/main.c:755:13:gateway_try_reconnect	16	static
../Core/Src/main.c:828:13:publish_sensor_data	344	static
../Core/Src/main.c:873:6:Error_Handler	4	static,ignoring_inline_asm
