../Drivers/CMSIS/Include/core_cm33.h:2390:22:__NVIC_EnableIRQ	16	static,ignoring_inline_asm
../Drivers/CMSIS/Include/core_cm33.h:2428:22:__NVIC_DisableIRQ	16	static,ignoring_inline_asm
../Drivers/STM32WBAxx_HAL_Driver/Inc/stm32wbaxx_ll_rcc.h:1773:22:LL_RCC_RADIO_DisableSleepTimerClock	4	static
../Drivers/STM32WBAxx_HAL_Driver/Inc/stm32wbaxx_ll_tim.h:5005:22:LL_TIM_ClearFlag_UPDATE	16	static
../Drivers/STM32WBAxx_HAL_Driver/Inc/stm32wbaxx_ll_tim.h:5016:26:LL_TIM_IsActiveFlag_UPDATE	16	static
../Core/Src/stm32wbaxx_it.c:78:6:NMI_Handler	4	static
../Core/Src/stm32wbaxx_it.c:93:6:HardFault_Handler	4	static
../Core/Src/stm32wbaxx_it.c:108:6:MemManage_Handler	4	static
../Core/Src/stm32wbaxx_it.c:123:6:BusFault_Handler	4	static
../Core/Src/stm32wbaxx_it.c:138:6:UsageFault_Handler	4	static
../Core/Src/stm32wbaxx_it.c:153:6:SVC_Handler	4	static
../Core/Src/stm32wbaxx_it.c:166:6:DebugMon_Handler	4	static
../Core/Src/stm32wbaxx_it.c:179:6:PendSV_Handler	4	static
../Core/Src/stm32wbaxx_it.c:192:6:SysTick_Handler	8	static
../Core/Src/stm32wbaxx_it.c:213:6:RTC_IRQHandler	8	static
../Core/Src/stm32wbaxx_it.c:228:6:RCC_IRQHandler	8	static
../Core/Src/stm32wbaxx_it.c:258:6:TIM16_IRQHandler	8	static
../Core/Src/stm32wbaxx_it.c:284:6:RADIO_IRQHandler	8	static,ignoring_inline_asm
../Core/Src/stm32wbaxx_it.c:306:6:HASH_IRQHandler	8	static
