../Drivers/Ethernet_W550/MQTT_Example.c:58:5:mqtt_network_init	32	static
../Drivers/Ethernet_W550/MQTT_Example.c:100:5:mqtt_connect_broker	112	static
../Drivers/Ethernet_W550/MQTT_Example.c:134:6:messageArrived	152	static
../Drivers/Ethernet_W550/MQTT_Example.c:162:5:mqtt_subscribe	16	static
../Drivers/Ethernet_W550/MQTT_Example.c:177:6:mqtt_publish	32	static
../Drivers/Ethernet_W550/MQTT_Example.c:196:6:mqtt_yield	8	static
../Drivers/Ethernet_W550/MQTT_Example.c:205:5:mqtt_is_connected	4	static
../Drivers/Ethernet_W550/MQTT_Example.c:213:6:MQTT_Example	16	static
