../Drivers/Ethernet_W550/MQTT_Example.c:51:5:mqtt_network_init	32	static
../Drivers/Ethernet_W550/MQTT_Example.c:93:5:mqtt_connect_broker	112	static
../Drivers/Ethernet_W550/MQTT_Example.c:127:6:messageArrived	152	static
../Drivers/Ethernet_W550/MQTT_Example.c:155:5:mqtt_subscribe	16	static
../Drivers/Ethernet_W550/MQTT_Example.c:170:6:mqtt_publish	32	static
../Drivers/Ethernet_W550/MQTT_Example.c:189:6:mqtt_yield	8	static
../Drivers/Ethernet_W550/MQTT_Example.c:198:5:mqtt_is_connected	4	static
../Drivers/Ethernet_W550/MQTT_Example.c:206:6:MQTT_Example	16	static
