../Drivers/STM32WBAxx_HAL_Driver/Inc/stm32wbaxx_ll_rcc.h:1014:22:LL_RCC_HSI_Enable	4	static
../Drivers/STM32WBAxx_HAL_Driver/Inc/stm32wbaxx_ll_rcc.h:1034:26:LL_RCC_HSI_IsReady	4	static
../Drivers/STM32WBAxx_HAL_Driver/Inc/stm32wbaxx_ll_rcc.h:2038:22:LL_RCC_SetRNGClockSource	16	static
../Drivers/STM32WBAxx_HAL_Driver/Inc/stm32wbaxx_ll_bus.h:604:22:LL_AHB2_GRP1_EnableClock	24	static
../Drivers/STM32WBAxx_HAL_Driver/Inc/stm32wbaxx_ll_bus.h:730:22:LL_AHB2_GRP1_DisableClock	16	static
../Drivers/STM32WBAxx_HAL_Driver/Inc/stm32wbaxx_ll_rng.h:220:22:LL_RNG_Enable	16	static
../Drivers/STM32WBAxx_HAL_Driver/Inc/stm32wbaxx_ll_rng.h:231:22:LL_RNG_Disable	16	static
../Drivers/STM32WBAxx_HAL_Driver/Inc/stm32wbaxx_ll_rng.h:242:26:LL_RNG_IsEnabled	16	static
../Drivers/STM32WBAxx_HAL_Driver/Inc/stm32wbaxx_ll_rng.h:265:22:LL_RNG_DisableClkErrorDetect	16	static
../Drivers/STM32WBAxx_HAL_Driver/Inc/stm32wbaxx_ll_rng.h:288:22:LL_RNG_EnableCondReset	16	static
../Drivers/STM32WBAxx_HAL_Driver/Inc/stm32wbaxx_ll_rng.h:299:22:LL_RNG_DisableCondReset	16	static
../Drivers/STM32WBAxx_HAL_Driver/Inc/stm32wbaxx_ll_rng.h:310:26:LL_RNG_IsEnabledCondReset	16	static
../Drivers/STM32WBAxx_HAL_Driver/Inc/stm32wbaxx_ll_rng.h:513:26:LL_RNG_IsActiveFlag_DRDY	16	static
../Drivers/STM32WBAxx_HAL_Driver/Inc/stm32wbaxx_ll_rng.h:524:26:LL_RNG_IsActiveFlag_CECS	16	static
../Drivers/STM32WBAxx_HAL_Driver/Inc/stm32wbaxx_ll_rng.h:557:26:LL_RNG_IsActiveFlag_SEIS	16	static
../Drivers/STM32WBAxx_HAL_Driver/Inc/stm32wbaxx_ll_rng.h:568:22:LL_RNG_ClearFlag_CEIS	16	static
../Drivers/STM32WBAxx_HAL_Driver/Inc/stm32wbaxx_ll_rng.h:579:22:LL_RNG_ClearFlag_SEIS	16	static
../Drivers/STM32WBAxx_HAL_Driver/Inc/stm32wbaxx_ll_rng.h:642:26:LL_RNG_ReadRandData32	16	static
../Drivers/STM32WBAxx_HAL_Driver/Inc/stm32wbaxx_ll_rng.h:697:22:LL_RNG_SetHealthConfig	16	static
../Projects/Common/WPAN/Interfaces/hw_rng.c:34:12:RNG_MutexTake	4	static
../Projects/Common/WPAN/Interfaces/hw_rng.c:39:12:RNG_MutexRelease	4	static
../Projects/Common/WPAN/Interfaces/hw_rng.c:46:13:RNG_KERNEL_CLK_ON	8	static
../Projects/Common/WPAN/Interfaces/hw_rng.c:58:13:RNG_KERNEL_CLK_OFF	4	static
../Projects/Common/WPAN/Interfaces/hw_rng.c:88:6:HW_RNG_Disable	8	static
../Projects/Common/WPAN/Interfaces/hw_rng.c:102:6:HW_RNG_EnableClock	32	static,ignoring_inline_asm
../Projects/Common/WPAN/Interfaces/hw_rng.c:122:6:HW_RNG_DisableClock	48	static,ignoring_inline_asm
../Projects/Common/WPAN/Interfaces/hw_rng.c:161:13:HW_RNG_WaitingClockSynchronization	16	static
../Projects/Common/WPAN/Interfaces/hw_rng.c:177:12:HW_RNG_RecoverSeedError	16	static
../Projects/Common/WPAN/Interfaces/hw_rng.c:393:12:HW_RNG_Run	40	static,ignoring_inline_asm
../Projects/Common/WPAN/Interfaces/hw_rng.c:445:6:HW_RNG_Start	16	static
../Projects/Common/WPAN/Interfaces/hw_rng.c:477:6:HW_RNG_Get	40	static,ignoring_inline_asm
../Projects/Common/WPAN/Interfaces/hw_rng.c:507:5:HW_RNG_Process	32	static,ignoring_inline_asm
../Projects/Common/WPAN/Interfaces/hw_rng.c:558:6:HW_RNG_Init	16	static
../Projects/Common/WPAN/Interfaces/hw_rng.c:595:6:HW_RNG_SetPoolThreshold	16	static
