../Projects/Common/WPAN/Modules/Log/log_module.c:118:6:Log_Module_PrintWithArg	296	static
../Projects/Common/WPAN/Modules/Log/log_module.c:171:6:Log_Module_Print	16	static
../Projects/Common/WPAN/Modules/Log/log_module.c:186:6:Log_Module_Init	16	static
../Projects/Common/WPAN/Modules/Log/log_module.c:196:6:Log_Module_DeInit	8	static
../Projects/Common/WPAN/Modules/Log/log_module.c:201:6:Log_Module_Set_Verbose_Level	16	static
../Projects/Common/WPAN/Modules/Log/log_module.c:206:6:Log_Module_Set_Region	16	static
../Projects/Common/WPAN/Modules/Log/log_module.c:211:6:Log_Module_Add_Region	16	static
../Projects/Common/WPAN/Modules/Log/log_module.c:216:6:Log_Module_Remove_Region	16	static
../Projects/Common/WPAN/Modules/Log/log_module.c:221:6:Log_Module_Enable_All_Regions	8	static
../Projects/Common/WPAN/Modules/Log/log_module.c:226:17:Get_Region_Mask	16	static
../Projects/Common/WPAN/Modules/Log/log_module.c:240:6:Log_Module_Set_Multiple_Regions	16	static
../Projects/Common/WPAN/Modules/Log/log_module.c:245:6:Log_Module_Set_Color	16	static
../Projects/Common/WPAN/Modules/Log/log_module.c:253:6:Log_Module_RegisterTimeStampFunction	16	static
